Archive member included to satisfy reference by file (symbol)

c:/st/stm32cubeide_1.7.0/stm32cubeide/plugins/com.st.stm32cube.ide.mcu.externaltools.gnu-tools-for-stm32.9-2020-q2-update.win32_2.0.0.202105311346/tools/bin/../lib/gcc/arm-none-eabi/9.3.1/../../../../arm-none-eabi/lib/thumb/v7e-m+fp/hard\libc_nano.a(lib_a-errno.o)
                              ./Core/Src/syscalls.o (__errno)
c:/st/stm32cubeide_1.7.0/stm32cubeide/plugins/com.st.stm32cube.ide.mcu.externaltools.gnu-tools-for-stm32.9-2020-q2-update.win32_2.0.0.202105311346/tools/bin/../lib/gcc/arm-none-eabi/9.3.1/../../../../arm-none-eabi/lib/thumb/v7e-m+fp/hard\libc_nano.a(lib_a-exit.o)
                              c:/st/stm32cubeide_1.7.0/stm32cubeide/plugins/com.st.stm32cube.ide.mcu.externaltools.gnu-tools-for-stm32.9-2020-q2-update.win32_2.0.0.202105311346/tools/bin/../lib/gcc/arm-none-eabi/9.3.1/../../../../arm-none-eabi/lib/thumb/v7e-m+fp/hard/crt0.o (exit)
c:/st/stm32cubeide_1.7.0/stm32cubeide/plugins/com.st.stm32cube.ide.mcu.externaltools.gnu-tools-for-stm32.9-2020-q2-update.win32_2.0.0.202105311346/tools/bin/../lib/gcc/arm-none-eabi/9.3.1/../../../../arm-none-eabi/lib/thumb/v7e-m+fp/hard\libc_nano.a(lib_a-impure.o)
                              c:/st/stm32cubeide_1.7.0/stm32cubeide/plugins/com.st.stm32cube.ide.mcu.externaltools.gnu-tools-for-stm32.9-2020-q2-update.win32_2.0.0.202105311346/tools/bin/../lib/gcc/arm-none-eabi/9.3.1/../../../../arm-none-eabi/lib/thumb/v7e-m+fp/hard\libc_nano.a(lib_a-exit.o) (_global_impure_ptr)
c:/st/stm32cubeide_1.7.0/stm32cubeide/plugins/com.st.stm32cube.ide.mcu.externaltools.gnu-tools-for-stm32.9-2020-q2-update.win32_2.0.0.202105311346/tools/bin/../lib/gcc/arm-none-eabi/9.3.1/../../../../arm-none-eabi/lib/thumb/v7e-m+fp/hard\libc_nano.a(lib_a-init.o)
                              c:/st/stm32cubeide_1.7.0/stm32cubeide/plugins/com.st.stm32cube.ide.mcu.externaltools.gnu-tools-for-stm32.9-2020-q2-update.win32_2.0.0.202105311346/tools/bin/../lib/gcc/arm-none-eabi/9.3.1/../../../../arm-none-eabi/lib/thumb/v7e-m+fp/hard/crt0.o (__libc_init_array)
c:/st/stm32cubeide_1.7.0/stm32cubeide/plugins/com.st.stm32cube.ide.mcu.externaltools.gnu-tools-for-stm32.9-2020-q2-update.win32_2.0.0.202105311346/tools/bin/../lib/gcc/arm-none-eabi/9.3.1/../../../../arm-none-eabi/lib/thumb/v7e-m+fp/hard\libc_nano.a(lib_a-memcpy-stub.o)
                              ./Core/Src/main.o (memcpy)
c:/st/stm32cubeide_1.7.0/stm32cubeide/plugins/com.st.stm32cube.ide.mcu.externaltools.gnu-tools-for-stm32.9-2020-q2-update.win32_2.0.0.202105311346/tools/bin/../lib/gcc/arm-none-eabi/9.3.1/../../../../arm-none-eabi/lib/thumb/v7e-m+fp/hard\libc_nano.a(lib_a-memset.o)
                              c:/st/stm32cubeide_1.7.0/stm32cubeide/plugins/com.st.stm32cube.ide.mcu.externaltools.gnu-tools-for-stm32.9-2020-q2-update.win32_2.0.0.202105311346/tools/bin/../lib/gcc/arm-none-eabi/9.3.1/../../../../arm-none-eabi/lib/thumb/v7e-m+fp/hard/crt0.o (memset)
c:/st/stm32cubeide_1.7.0/stm32cubeide/plugins/com.st.stm32cube.ide.mcu.externaltools.gnu-tools-for-stm32.9-2020-q2-update.win32_2.0.0.202105311346/tools/bin/../lib/gcc/arm-none-eabi/9.3.1/thumb/v7e-m+fp/hard\libgcc.a(_aeabi_uldivmod.o)
                              ./Drivers/STM32F4xx_HAL_Driver/Src/stm32f4xx_hal_rcc.o (__aeabi_uldivmod)
c:/st/stm32cubeide_1.7.0/stm32cubeide/plugins/com.st.stm32cube.ide.mcu.externaltools.gnu-tools-for-stm32.9-2020-q2-update.win32_2.0.0.202105311346/tools/bin/../lib/gcc/arm-none-eabi/9.3.1/thumb/v7e-m+fp/hard\libgcc.a(_udivmoddi4.o)
                              c:/st/stm32cubeide_1.7.0/stm32cubeide/plugins/com.st.stm32cube.ide.mcu.externaltools.gnu-tools-for-stm32.9-2020-q2-update.win32_2.0.0.202105311346/tools/bin/../lib/gcc/arm-none-eabi/9.3.1/thumb/v7e-m+fp/hard\libgcc.a(_aeabi_uldivmod.o) (__udivmoddi4)
c:/st/stm32cubeide_1.7.0/stm32cubeide/plugins/com.st.stm32cube.ide.mcu.externaltools.gnu-tools-for-stm32.9-2020-q2-update.win32_2.0.0.202105311346/tools/bin/../lib/gcc/arm-none-eabi/9.3.1/thumb/v7e-m+fp/hard\libgcc.a(_dvmd_tls.o)
                              c:/st/stm32cubeide_1.7.0/stm32cubeide/plugins/com.st.stm32cube.ide.mcu.externaltools.gnu-tools-for-stm32.9-2020-q2-update.win32_2.0.0.202105311346/tools/bin/../lib/gcc/arm-none-eabi/9.3.1/thumb/v7e-m+fp/hard\libgcc.a(_aeabi_uldivmod.o) (__aeabi_ldiv0)

Allocating common symbols
Common symbol       size              file

bufferRxESP         0x100             ./Core/Src/main.o
htim4               0x48              ./Core/Src/main.o
hi2c1               0x54              ./Core/Src/main.o
valueADC            0x4               ./Core/Src/main.o
PWM_motor2          0x4               ./Core/Src/main.o
uwTick              0x4               ./Drivers/STM32F4xx_HAL_Driver/Src/stm32f4xx_hal.o
pFlash              0x20              ./Drivers/STM32F4xx_HAL_Driver/Src/stm32f4xx_hal_flash.o
jobTime             0x4               ./Core/Src/main.o
htim3               0x48              ./Core/Src/main.o
[...]
Memory Configuration

Name             Origin             Length             Attributes
RAM              0x0000000020000000 0x0000000000018000 xrw
FLASH            0x0000000008000000 0x0000000000080000 xr
*default*        0x0000000000000000 0xffffffffffffffff

Linker script and memory map

LOAD c:/st/stm32cubeide_1.7.0/stm32cubeide/plugins/com.st.stm32cube.ide.mcu.externaltools.gnu-tools-for-stm32.9-2020-q2-update.win32_2.0.0.202105311346/tools/bin/../lib/gcc/arm-none-eabi/9.3.1/thumb/v7e-m+fp/hard/crti.o
LOAD c:/st/stm32cubeide_1.7.0/stm32cubeide/plugins/com.st.stm32cube.ide.mcu.externaltools.gnu-tools-for-stm32.9-2020-q2-update.win32_2.0.0.202105311346/tools/bin/../lib/gcc/arm-none-eabi/9.3.1/thumb/v7e-m+fp/hard/crtbegin.o
LOAD c:/st/stm32cubeide_1.7.0/stm32cubeide/plugins/com.st.stm32cube.ide.mcu.externaltools.gnu-tools-for-stm32.9-2020-q2-update.win32_2.0.0.202105311346/tools/bin/../lib/gcc/arm-none-eabi/9.3.1/../../../../arm-none-eabi/lib/thumb/v7e-m+fp/hard/crt0.o
LOAD ./Core/Src/main.o
LOAD ./Core/Src/stm32f4xx_hal_msp.o
LOAD ./Core/Src/stm32f4xx_it.o
LOAD ./Core/Src/syscalls.o
LOAD ./Core/Src/sysmem.o
LOAD ./Core/Src/system_stm32f4xx.o
LOAD ./Core/Startup/startup_stm32f401retx.o
LOAD ./Drivers/STM32F4xx_HAL_Driver/Src/stm32f4xx_hal.o
LOAD ./Drivers/STM32F4xx_HAL_Driver/Src/stm32f4xx_hal_adc.o
LOAD ./Drivers/STM32F4xx_HAL_Driver/Src/stm32f4xx_hal_adc_ex.o
LOAD ./Drivers/STM32F4xx_HAL_Driver/Src/stm32f4xx_hal_cortex.o
LOAD ./Drivers/STM32F4xx_HAL_Driver/Src/stm32f4xx_hal_dma.o
LOAD ./Drivers/STM32F4xx_HAL_Driver/Src/stm32f4xx_hal_dma_ex.o
LOAD ./Drivers/STM32F4xx_HAL_Driver/Src/stm32f4xx_hal_exti.o
LOAD ./Drivers/STM32F4xx_HAL_Driver/Src/stm32f4xx_hal_flash.o
LOAD ./Drivers/STM32F4xx_HAL_Driver/Src/stm32f4xx_hal_flash_ex.o
LOAD ./Drivers/STM32F4xx_HAL_Driver/Src/stm32f4xx_hal_flash_ramfunc.o
LOAD ./Drivers/STM32F4xx_HAL_Driver/Src/stm32f4xx_hal_gpio.o
LOAD ./Drivers/STM32F4xx_HAL_Driver/Src/stm32f4xx_hal_i2c.o
LOAD ./Drivers/STM32F4xx_HAL_Driver/Src/stm32f4xx_hal_i2c_ex.o
LOAD ./Drivers/STM32F4xx_HAL_Driver/Src/stm32f4xx_hal_pwr.o
LOAD ./Drivers/STM32F4xx_HAL_Driver/Src/stm32f4xx_hal_pwr_ex.o
LOAD ./Drivers/STM32F4xx_HAL_Driver/Src/stm32f4xx_hal_rcc.o
LOAD ./Drivers/STM32F4xx_HAL_Driver/Src/stm32f4xx_hal_rcc_ex.o
LOAD ./Drivers/STM32F4xx_HAL_Driver/Src/stm32f4xx_hal_tim.o
LOAD ./Drivers/STM32F4xx_HAL_Driver/Src/stm32f4xx_hal_tim_ex.o
LOAD ./Drivers/STM32F4xx_HAL_Driver/Src/stm32f4xx_hal_uart.o
LOAD ./Drivers/STM32F4xx_HAL_Driver/Src/stm32f4xx_ll_adc.o
START GROUP
LOAD c:/st/stm32cubeide_1.7.0/stm32cubeide/plugins/com.st.stm32cube.ide.mcu.externaltools.gnu-tools-for-stm32.9-2020-q2-update.win32_2.0.0.202105311346/tools/bin/../lib/gcc/arm-none-eabi/9.3.1/../../../../arm-none-eabi/lib/thumb/v7e-m+fp/hard\libc_nano.a
LOAD c:/st/stm32cubeide_1.7.0/stm32cubeide/plugins/com.st.stm32cube.ide.mcu.externaltools.gnu-tools-for-stm32.9-2020-q2-update.win32_2.0.0.202105311346/tools/bin/../lib/gcc/arm-none-eabi/9.3.1/../../../../arm-none-eabi/lib/thumb/v7e-m+fp/hard\libm.a
END GROUP
START GROUP
LOAD c:/st/stm32cubeide_1.7.0/stm32cubeide/plugins/com.st.stm32cube.ide.mcu.externaltools.gnu-tools-for-stm32.9-2020-q2-update.win32_2.0.0.202105311346/tools/bin/../lib/gcc/arm-none-eabi/9.3.1/thumb/v7e-m+fp/hard\libgcc.a
LOAD c:/st/stm32cubeide_1.7.0/stm32cubeide/plugins/com.st.stm32cube.ide.mcu.externaltools.gnu-tools-for-stm32.9-2020-q2-update.win32_2.0.0.202105311346/tools/bin/../lib/gcc/arm-none-eabi/9.3.1/../../../../arm-none-eabi/lib/thumb/v7e-m+fp/hard\libc_nano.a
END GROUP
START GROUP
LOAD c:/st/stm32cubeide_1.7.0/stm32cubeide/plugins/com.st.stm32cube.ide.mcu.externaltools.gnu-tools-for-stm32.9-2020-q2-update.win32_2.0.0.202105311346/tools/bin/../lib/gcc/arm-none-eabi/9.3.1/thumb/v7e-m+fp/hard\libgcc.a
LOAD c:/st/stm32cubeide_1.7.0/stm32cubeide/plugins/com.st.stm32cube.ide.mcu.externaltools.gnu-tools-for-stm32.9-2020-q2-update.win32_2.0.0.202105311346/tools/bin/../lib/gcc/arm-none-eabi/9.3.1/../../../../arm-none-eabi/lib/thumb/v7e-m+fp/hard\libc_nano.a
LOAD c:/st/stm32cubeide_1.7.0/stm32cubeide/plugins/com.st.stm32cube.ide.mcu.externaltools.gnu-tools-for-stm32.9-2020-q2-update.win32_2.0.0.202105311346/tools/bin/../lib/gcc/arm-none-eabi/9.3.1/../../../../arm-none-eabi/lib/thumb/v7e-m+fp/hard\libnosys.a
END GROUP
START GROUP
LOAD c:/st/stm32cubeide_1.7.0/stm32cubeide/plugins/com.st.stm32cube.ide.mcu.externaltools.gnu-tools-for-stm32.9-2020-q2-update.win32_2.0.0.202105311346/tools/bin/../lib/gcc/arm-none-eabi/9.3.1/thumb/v7e-m+fp/hard\libgcc.a
LOAD c:/st/stm32cubeide_1.7.0/stm32cubeide/plugins/com.st.stm32cube.ide.mcu.externaltools.gnu-tools-for-stm32.9-2020-q2-update.win32_2.0.0.202105311346/tools/bin/../lib/gcc/arm-none-eabi/9.3.1/../../../../arm-none-eabi/lib/thumb/v7e-m+fp/hard\libc_nano.a
LOAD c:/st/stm32cubeide_1.7.0/stm32cubeide/plugins/com.st.stm32cube.ide.mcu.externaltools.gnu-tools-for-stm32.9-2020-q2-update.win32_2.0.0.202105311346/tools/bin/../lib/gcc/arm-none-eabi/9.3.1/../../../../arm-none-eabi/lib/thumb/v7e-m+fp/hard\libnosys.a
END GROUP
LOAD c:/st/stm32cubeide_1.7.0/stm32cubeide/plugins/com.st.stm32cube.ide.mcu.externaltools.gnu-tools-for-stm32.9-2020-q2-update.win32_2.0.0.202105311346/tools/bin/../lib/gcc/arm-none-eabi/9.3.1/thumb/v7e-m+fp/hard/crtend.o
LOAD c:/st/stm32cubeide_1.7.0/stm32cubeide/plugins/com.st.stm32cube.ide.mcu.externaltools.gnu-tools-for-stm32.9-2020-q2-update.win32_2.0.0.202105311346/tools/bin/../lib/gcc/arm-none-eabi/9.3.1/thumb/v7e-m+fp/hard/crtn.o
                0x0000000020018000                _estack = (ORIGIN (RAM) + LENGTH (RAM))
                0x0000000000000200                _Min_Heap_Size = 0x200
                0x0000000000000400                _Min_Stack_Size = 0x400

.isr_vector     0x0000000008000000      0x194
                0x0000000008000000                . = ALIGN (0x4)
 *(.isr_vector)
 .isr_vector    0x0000000008000000      0x194 ./Core/Startup/startup_stm32f401retx.o
                0x0000000008000000                g_pfnVectors
                0x0000000008000194                . = ALIGN (0x4)

.text           0x0000000008000194     0x855c
                0x0000000008000194                . = ALIGN (0x4)
 *(.text)
 .text          0x0000000008000194       0x40 c:/st/stm32cubeide_1.7.0/stm32cubeide/plugins/com.st.stm32cube.ide.mcu.externaltools.gnu-tools-for-stm32.9-2020-q2-update.win32_2.0.0.202105311346/tools/bin/../lib/gcc/arm-none-eabi/9.3.1/thumb/v7e-m+fp/hard/crtbegin.o
 .text          0x00000000080001d4       0x30 c:/st/stm32cubeide_1.7.0/stm32cubeide/plugins/com.st.stm32cube.ide.mcu.externaltools.gnu-tools-for-stm32.9-2020-q2-update.win32_2.0.0.202105311346/tools/bin/../lib/gcc/arm-none-eabi/9.3.1/thumb/v7e-m+fp/hard\libgcc.a(_aeabi_uldivmod.o)
                0x00000000080001d4                __aeabi_uldivmod
 .text          0x0000000008000204      0x2c4 c:/st/stm32cubeide_1.7.0/stm32cubeide/plugins/com.st.stm32cube.ide.mcu.externaltools.gnu-tools-for-stm32.9-2020-q2-update.win32_2.0.0.202105311346/tools/bin/../lib/gcc/arm-none-eabi/9.3.1/thumb/v7e-m+fp/hard\libgcc.a(_udivmoddi4.o)
                0x0000000008000204                __udivmoddi4
 .text          0x00000000080004c8        0x4 c:/st/stm32cubeide_1.7.0/stm32cubeide/plugins/com.st.stm32cube.ide.mcu.externaltools.gnu-tools-for-stm32.9-2020-q2-update.win32_2.0.0.202105311346/tools/bin/../lib/gcc/arm-none-eabi/9.3.1/thumb/v7e-m+fp/hard\libgcc.a(_dvmd_tls.o)
                0x00000000080004c8                __aeabi_idiv0
                0x00000000080004c8                __aeabi_ldiv0
 *(.text*)
 .text.HAL_ADC_ConvCpltCallback
                0x00000000080004cc       0x38 ./Core/Src/main.o
                0x00000000080004cc                HAL_ADC_ConvCpltCallback
 .text.HAL_UART_RxCpltCallback
                0x0000000008000504       0x48 ./Core/Src/main.o
                0x0000000008000504                HAL_UART_RxCpltCallback
 .text.HAL_TIM_PeriodElapsedCallback
                0x000000000800054c       0xb0 ./Core/Src/main.o
                0x000000000800054c                HAL_TIM_PeriodElapsedCallback
 .text.readADC  0x00000000080005fc       0x38 ./Core/Src/main.o
                0x00000000080005fc                readADC
 .text.uartTX   0x0000000008000634       0x9c ./Core/Src/main.o
                0x0000000008000634                uartTX
 .text.initESP  0x00000000080006d0      0x1d8 ./Core/Src/main.o
                0x00000000080006d0                initESP
 .text.DecodeAnsESP
                0x00000000080008a8      0xbe4 ./Core/Src/main.o
                0x00000000080008a8                DecodeAnsESP
 .text.udpCom   0x000000000800148c      0x388 ./Core/Src/main.o
                0x000000000800148c                udpCom
 .text.DecodeCommands
                0x0000000008001814      0x220 ./Core/Src/main.o
                0x0000000008001814                DecodeCommands
 .text.main     0x0000000008001a34      0x250 ./Core/Src/main.o
                0x0000000008001a34                main
 .text.SystemClock_Config
                0x0000000008001c84       0xd8 ./Core/Src/main.o
                0x0000000008001c84                SystemClock_Config
 .text.MX_ADC1_Init
                0x0000000008001d5c      0x14c ./Core/Src/main.o
 .text.MX_I2C1_Init
                0x0000000008001ea8       0x5c ./Core/Src/main.o
 .text.MX_TIM3_Init
                0x0000000008001f04      0x12c ./Core/Src/main.o
 .text.MX_TIM4_Init
                0x0000000008002030       0x9c ./Core/Src/main.o
 .text.MX_USART1_UART_Init
                0x00000000080020cc       0x54 ./Core/Src/main.o
 .text.MX_USART2_UART_Init
                0x0000000008002120       0x54 ./Core/Src/main.o
 .text.MX_DMA_Init
                0x0000000008002174       0x40 ./Core/Src/main.o
 .text.MX_GPIO_Init
                0x00000000080021b4      0x10c ./Core/Src/main.o
 .text.Error_Handler
                0x00000000080022c0        0xa ./Core/Src/main.o
                0x00000000080022c0                Error_Handler
 *fill*         0x00000000080022ca        0x2 
 .text.HAL_MspInit
                0x00000000080022cc       0x50 ./Core/Src/stm32f4xx_hal_msp.o
                0x00000000080022cc                HAL_MspInit
 .text.HAL_ADC_MspInit
                0x000000000800231c      0x170 ./Core/Src/stm32f4xx_hal_msp.o
                0x000000000800231c                HAL_ADC_MspInit
 .text.HAL_I2C_MspInit
                0x000000000800248c       0xb0 ./Core/Src/stm32f4xx_hal_msp.o
                0x000000000800248c                HAL_I2C_MspInit
 .text.HAL_TIM_Base_MspInit
                0x000000000800253c       0x7c ./Core/Src/stm32f4xx_hal_msp.o
                0x000000000800253c                HAL_TIM_Base_MspInit
 .text.HAL_TIM_MspPostInit
                0x00000000080025b8       0x74 ./Core/Src/stm32f4xx_hal_msp.o
                0x00000000080025b8                HAL_TIM_MspPostInit
 .text.HAL_UART_MspInit
                0x000000000800262c      0x118 ./Core/Src/stm32f4xx_hal_msp.o
                0x000000000800262c                HAL_UART_MspInit
 .text.NMI_Handler
                0x0000000008002744        0x6 ./Core/Src/stm32f4xx_it.o
                0x0000000008002744                NMI_Handler
 .text.HardFault_Handler
                0x000000000800274a        0x6 ./Core/Src/stm32f4xx_it.o
                0x000000000800274a                HardFault_Handler
 .text.MemManage_Handler
                0x0000000008002750        0x6 ./Core/Src/stm32f4xx_it.o
                0x0000000008002750                MemManage_Handler
 .text.BusFault_Handler
                0x0000000008002756        0x6 ./Core/Src/stm32f4xx_it.o
                0x0000000008002756                BusFault_Handler
 .text.UsageFault_Handler
                0x000000000800275c        0x6 ./Core/Src/stm32f4xx_it.o
                0x000000000800275c                UsageFault_Handler
 .text.SVC_Handler
                0x0000000008002762        0xe ./Core/Src/stm32f4xx_it.o
                0x0000000008002762                SVC_Handler
 .text.DebugMon_Handler
                0x0000000008002770        0xe ./Core/Src/stm32f4xx_it.o
                0x0000000008002770                DebugMon_Handler
 .text.PendSV_Handler
                0x000000000800277e        0xe ./Core/Src/stm32f4xx_it.o
                0x000000000800277e                PendSV_Handler
 .text.SysTick_Handler
                0x000000000800278c        0xc ./Core/Src/stm32f4xx_it.o
                0x000000000800278c                SysTick_Handler
 .text.ADC_IRQHandler
                0x0000000008002798       0x14 ./Core/Src/stm32f4xx_it.o
                0x0000000008002798                ADC_IRQHandler
 .text.TIM4_IRQHandler
                0x00000000080027ac       0x14 ./Core/Src/stm32f4xx_it.o
                0x00000000080027ac                TIM4_IRQHandler
 .text.I2C1_EV_IRQHandler
                0x00000000080027c0       0x14 ./Core/Src/stm32f4xx_it.o
                0x00000000080027c0                I2C1_EV_IRQHandler
 .text.I2C1_ER_IRQHandler
                0x00000000080027d4       0x14 ./Core/Src/stm32f4xx_it.o
                0x00000000080027d4                I2C1_ER_IRQHandler
 .text.USART1_IRQHandler
                0x00000000080027e8       0x14 ./Core/Src/stm32f4xx_it.o
                0x00000000080027e8                USART1_IRQHandler
 .text.USART2_IRQHandler
                0x00000000080027fc       0x14 ./Core/Src/stm32f4xx_it.o
                0x00000000080027fc                USART2_IRQHandler
 .text.DMA2_Stream0_IRQHandler
                0x0000000008002810       0x14 ./Core/Src/stm32f4xx_it.o
                0x0000000008002810                DMA2_Stream0_IRQHandler
 .text.SystemInit
                0x0000000008002824       0x24 ./Core/Src/system_stm32f4xx.o
                0x0000000008002824                SystemInit
 .text.Reset_Handler
                0x0000000008002848       0x50 ./Core/Startup/startup_stm32f401retx.o
                0x0000000008002848                Reset_Handler
 .text.Default_Handler
                0x0000000008002898        0x2 ./Core/Startup/startup_stm32f401retx.o
                0x0000000008002898                RTC_Alarm_IRQHandler
                0x0000000008002898                EXTI2_IRQHandler
                0x0000000008002898                SPI4_IRQHandler
                0x0000000008002898                TIM1_CC_IRQHandler
                0x0000000008002898                DMA2_Stream5_IRQHandler
                0x0000000008002898                DMA1_Stream5_IRQHandler
                0x0000000008002898                PVD_IRQHandler
                0x0000000008002898                SDIO_IRQHandler
                0x0000000008002898                TAMP_STAMP_IRQHandler
                0x0000000008002898                EXTI3_IRQHandler
                0x0000000008002898                TIM1_UP_TIM10_IRQHandler
                0x0000000008002898                I2C3_ER_IRQHandler
                0x0000000008002898                EXTI0_IRQHandler
                0x0000000008002898                I2C2_EV_IRQHandler
                0x0000000008002898                DMA1_Stream2_IRQHandler
                0x0000000008002898                FPU_IRQHandler
                0x0000000008002898                DMA2_Stream2_IRQHandler
                0x0000000008002898                SPI1_IRQHandler
                0x0000000008002898                TIM1_BRK_TIM9_IRQHandler
                0x0000000008002898                DMA2_Stream3_IRQHandler
                0x0000000008002898                USART6_IRQHandler
                0x0000000008002898                DMA1_Stream6_IRQHandler
                0x0000000008002898                DMA1_Stream1_IRQHandler
                0x0000000008002898                TIM3_IRQHandler
                0x0000000008002898                RCC_IRQHandler
                0x0000000008002898                Default_Handler
                0x0000000008002898                EXTI15_10_IRQHandler
                0x0000000008002898                DMA1_Stream7_IRQHandler
                0x0000000008002898                TIM5_IRQHandler
                0x0000000008002898                DMA2_Stream7_IRQHandler
                0x0000000008002898                I2C3_EV_IRQHandler
                0x0000000008002898                EXTI9_5_IRQHandler
                0x0000000008002898                RTC_WKUP_IRQHandler
                0x0000000008002898                SPI2_IRQHandler
                0x0000000008002898                DMA1_Stream0_IRQHandler
                0x0000000008002898                EXTI4_IRQHandler
                0x0000000008002898                WWDG_IRQHandler
                0x0000000008002898                TIM2_IRQHandler
                0x0000000008002898                OTG_FS_WKUP_IRQHandler
                0x0000000008002898                TIM1_TRG_COM_TIM11_IRQHandler
                0x0000000008002898                EXTI1_IRQHandler
                0x0000000008002898                I2C2_ER_IRQHandler
                0x0000000008002898                DMA2_Stream1_IRQHandler
                0x0000000008002898                FLASH_IRQHandler
                0x0000000008002898                DMA2_Stream4_IRQHandler
                0x0000000008002898                OTG_FS_IRQHandler
                0x0000000008002898                SPI3_IRQHandler
                0x0000000008002898                DMA1_Stream4_IRQHandler
                0x0000000008002898                DMA2_Stream6_IRQHandler
                0x0000000008002898                DMA1_Stream3_IRQHandler
 *fill*         0x000000000800289a        0x2 
 .text.HAL_Init
                0x000000000800289c       0x44 ./Drivers/STM32F4xx_HAL_Driver/Src/stm32f4xx_hal.o
                0x000000000800289c                HAL_Init
 .text.HAL_InitTick
                0x00000000080028e0       0x60 ./Drivers/STM32F4xx_HAL_Driver/Src/stm32f4xx_hal.o
                0x00000000080028e0                HAL_InitTick
 .text.HAL_IncTick
                0x0000000008002940       0x28 ./Drivers/STM32F4xx_HAL_Driver/Src/stm32f4xx_hal.o
                0x0000000008002940                HAL_IncTick
 .text.HAL_GetTick
                0x0000000008002968       0x18 ./Drivers/STM32F4xx_HAL_Driver/Src/stm32f4xx_hal.o
                0x0000000008002968                HAL_GetTick
 .text.HAL_ADC_Init
                0x0000000008002980       0x86 ./Drivers/STM32F4xx_HAL_Driver/Src/stm32f4xx_hal_adc.o
                0x0000000008002980                HAL_ADC_Init
 .text.HAL_ADC_IRQHandler
                0x0000000008002a06      0x282 ./Drivers/STM32F4xx_HAL_Driver/Src/stm32f4xx_hal_adc.o
                0x0000000008002a06                HAL_ADC_IRQHandler
 .text.HAL_ADC_Start_DMA
                0x0000000008002c88      0x1e0 ./Drivers/STM32F4xx_HAL_Driver/Src/stm32f4xx_hal_adc.o
                0x0000000008002c88                HAL_ADC_Start_DMA
 .text.HAL_ADC_ConvHalfCpltCallback
                0x0000000008002e68       0x14 ./Drivers/STM32F4xx_HAL_Driver/Src/stm32f4xx_hal_adc.o
                0x0000000008002e68                HAL_ADC_ConvHalfCpltCallback
 .text.HAL_ADC_LevelOutOfWindowCallback
                0x0000000008002e7c       0x14 ./Drivers/STM32F4xx_HAL_Driver/Src/stm32f4xx_hal_adc.o
                0x0000000008002e7c                HAL_ADC_LevelOutOfWindowCallback
 .text.HAL_ADC_ErrorCallback
                0x0000000008002e90       0x14 ./Drivers/STM32F4xx_HAL_Driver/Src/stm32f4xx_hal_adc.o
                0x0000000008002e90                HAL_ADC_ErrorCallback
 .text.HAL_ADC_ConfigChannel
                0x0000000008002ea4      0x244 ./Drivers/STM32F4xx_HAL_Driver/Src/stm32f4xx_hal_adc.o
                0x0000000008002ea4                HAL_ADC_ConfigChannel
 .text.ADC_Init
                0x00000000080030e8      0x1f8 ./Drivers/STM32F4xx_HAL_Driver/Src/stm32f4xx_hal_adc.o
 .text.ADC_DMAConvCplt
                0x00000000080032e0       0xba ./Drivers/STM32F4xx_HAL_Driver/Src/stm32f4xx_hal_adc.o
 .text.ADC_DMAHalfConvCplt
                0x000000000800339a       0x1c ./Drivers/STM32F4xx_HAL_Driver/Src/stm32f4xx_hal_adc.o
 .text.ADC_DMAError
                0x00000000080033b6       0x2e ./Drivers/STM32F4xx_HAL_Driver/Src/stm32f4xx_hal_adc.o
 .text.HAL_ADCEx_InjectedConvCpltCallback
                0x00000000080033e4       0x14 ./Drivers/STM32F4xx_HAL_Driver/Src/stm32f4xx_hal_adc_ex.o
                0x00000000080033e4                HAL_ADCEx_InjectedConvCpltCallback
 .text.__NVIC_SetPriorityGrouping
                0x00000000080033f8       0x48 ./Drivers/STM32F4xx_HAL_Driver/Src/stm32f4xx_hal_cortex.o
 .text.__NVIC_GetPriorityGrouping
                0x0000000008003440       0x1c ./Drivers/STM32F4xx_HAL_Driver/Src/stm32f4xx_hal_cortex.o
 .text.__NVIC_EnableIRQ
                0x000000000800345c       0x3c ./Drivers/STM32F4xx_HAL_Driver/Src/stm32f4xx_hal_cortex.o
 .text.__NVIC_SetPriority
                0x0000000008003498       0x54 ./Drivers/STM32F4xx_HAL_Driver/Src/stm32f4xx_hal_cortex.o
 .text.NVIC_EncodePriority
                0x00000000080034ec       0x66 ./Drivers/STM32F4xx_HAL_Driver/Src/stm32f4xx_hal_cortex.o
 *fill*         0x0000000008003552        0x2 
 .text.SysTick_Config
                0x0000000008003554       0x44 ./Drivers/STM32F4xx_HAL_Driver/Src/stm32f4xx_hal_cortex.o
 .text.HAL_NVIC_SetPriorityGrouping
                0x0000000008003598       0x16 ./Drivers/STM32F4xx_HAL_Driver/Src/stm32f4xx_hal_cortex.o
                0x0000000008003598                HAL_NVIC_SetPriorityGrouping
 .text.HAL_NVIC_SetPriority
                0x00000000080035ae       0x38 ./Drivers/STM32F4xx_HAL_Driver/Src/stm32f4xx_hal_cortex.o
                0x00000000080035ae                HAL_NVIC_SetPriority
 .text.HAL_NVIC_EnableIRQ
                0x00000000080035e6       0x1c ./Drivers/STM32F4xx_HAL_Driver/Src/stm32f4xx_hal_cortex.o
                0x00000000080035e6                HAL_NVIC_EnableIRQ
 .text.HAL_SYSTICK_Config
                0x0000000008003602       0x18 ./Drivers/STM32F4xx_HAL_Driver/Src/stm32f4xx_hal_cortex.o
                0x0000000008003602                HAL_SYSTICK_Config
 *fill*         0x000000000800361a        0x2 
 .text.HAL_DMA_Init
                0x000000000800361c      0x15c ./Drivers/STM32F4xx_HAL_Driver/Src/stm32f4xx_hal_dma.o
                0x000000000800361c                HAL_DMA_Init
 .text.HAL_DMA_Start_IT
                0x0000000008003778       0xb0 ./Drivers/STM32F4xx_HAL_Driver/Src/stm32f4xx_hal_dma.o
                0x0000000008003778                HAL_DMA_Start_IT
 .text.HAL_DMA_Abort
                0x0000000008003828       0xe0 ./Drivers/STM32F4xx_HAL_Driver/Src/stm32f4xx_hal_dma.o
                0x0000000008003828                HAL_DMA_Abort
 .text.HAL_DMA_Abort_IT
                0x0000000008003908       0x44 ./Drivers/STM32F4xx_HAL_Driver/Src/stm32f4xx_hal_dma.o
                0x0000000008003908                HAL_DMA_Abort_IT
 .text.HAL_DMA_IRQHandler
                0x000000000800394c      0x314 ./Drivers/STM32F4xx_HAL_Driver/Src/stm32f4xx_hal_dma.o
                0x000000000800394c                HAL_DMA_IRQHandler
 .text.HAL_DMA_GetState
                0x0000000008003c60       0x1c ./Drivers/STM32F4xx_HAL_Driver/Src/stm32f4xx_hal_dma.o
                0x0000000008003c60                HAL_DMA_GetState
 .text.DMA_SetConfig
                0x0000000008003c7c       0x5c ./Drivers/STM32F4xx_HAL_Driver/Src/stm32f4xx_hal_dma.o
 .text.DMA_CalcBaseAndBitshift
                0x0000000008003cd8       0x6c ./Drivers/STM32F4xx_HAL_Driver/Src/stm32f4xx_hal_dma.o
 .text.DMA_CheckFifoParam
                0x0000000008003d44       0xf8 ./Drivers/STM32F4xx_HAL_Driver/Src/stm32f4xx_hal_dma.o
 .text.HAL_GPIO_Init
                0x0000000008003e3c      0x308 ./Drivers/STM32F4xx_HAL_Driver/Src/stm32f4xx_hal_gpio.o
                0x0000000008003e3c                HAL_GPIO_Init
 .text.HAL_GPIO_ReadPin
                0x0000000008004144       0x30 ./Drivers/STM32F4xx_HAL_Driver/Src/stm32f4xx_hal_gpio.o
                0x0000000008004144                HAL_GPIO_ReadPin
 .text.HAL_GPIO_WritePin
                0x0000000008004174       0x32 ./Drivers/STM32F4xx_HAL_Driver/Src/stm32f4xx_hal_gpio.o
                0x0000000008004174                HAL_GPIO_WritePin
 .text.HAL_GPIO_TogglePin
                0x00000000080041a6       0x34 ./Drivers/STM32F4xx_HAL_Driver/Src/stm32f4xx_hal_gpio.o
                0x00000000080041a6                HAL_GPIO_TogglePin
 *fill*         0x00000000080041da        0x2 
 .text.HAL_I2C_Init
                0x00000000080041dc      0x288 ./Drivers/STM32F4xx_HAL_Driver/Src/stm32f4xx_hal_i2c.o
                0x00000000080041dc                HAL_I2C_Init
 .text.HAL_I2C_EV_IRQHandler
                0x0000000008004464      0x2e2 ./Drivers/STM32F4xx_HAL_Driver/Src/stm32f4xx_hal_i2c.o
                0x0000000008004464                HAL_I2C_EV_IRQHandler
 .text.HAL_I2C_ER_IRQHandler
                0x0000000008004746      0x14e ./Drivers/STM32F4xx_HAL_Driver/Src/stm32f4xx_hal_i2c.o
                0x0000000008004746                HAL_I2C_ER_IRQHandler
 .text.HAL_I2C_MasterTxCpltCallback
                0x0000000008004894       0x14 ./Drivers/STM32F4xx_HAL_Driver/Src/stm32f4xx_hal_i2c.o
                0x0000000008004894                HAL_I2C_MasterTxCpltCallback
 .text.HAL_I2C_MasterRxCpltCallback
                0x00000000080048a8       0x14 ./Drivers/STM32F4xx_HAL_Driver/Src/stm32f4xx_hal_i2c.o
                0x00000000080048a8                HAL_I2C_MasterRxCpltCallback
 .text.HAL_I2C_SlaveTxCpltCallback
                0x00000000080048bc       0x14 ./Drivers/STM32F4xx_HAL_Driver/Src/stm32f4xx_hal_i2c.o
                0x00000000080048bc                HAL_I2C_SlaveTxCpltCallback
 .text.HAL_I2C_SlaveRxCpltCallback
                0x00000000080048d0       0x14 ./Drivers/STM32F4xx_HAL_Driver/Src/stm32f4xx_hal_i2c.o
                0x00000000080048d0                HAL_I2C_SlaveRxCpltCallback
 .text.HAL_I2C_AddrCallback
                0x00000000080048e4       0x1c ./Drivers/STM32F4xx_HAL_Driver/Src/stm32f4xx_hal_i2c.o
                0x00000000080048e4                HAL_I2C_AddrCallback
 .text.HAL_I2C_ListenCpltCallback
                0x0000000008004900       0x14 ./Drivers/STM32F4xx_HAL_Driver/Src/stm32f4xx_hal_i2c.o
                0x0000000008004900                HAL_I2C_ListenCpltCallback
 .text.HAL_I2C_MemTxCpltCallback
                0x0000000008004914       0x14 ./Drivers/STM32F4xx_HAL_Driver/Src/stm32f4xx_hal_i2c.o
                0x0000000008004914                HAL_I2C_MemTxCpltCallback
 .text.HAL_I2C_MemRxCpltCallback
                0x0000000008004928       0x14 ./Drivers/STM32F4xx_HAL_Driver/Src/stm32f4xx_hal_i2c.o
                0x0000000008004928                HAL_I2C_MemRxCpltCallback
 .text.HAL_I2C_ErrorCallback
                0x000000000800493c       0x14 ./Drivers/STM32F4xx_HAL_Driver/Src/stm32f4xx_hal_i2c.o
                0x000000000800493c                HAL_I2C_ErrorCallback
 .text.HAL_I2C_AbortCpltCallback
                0x0000000008004950       0x14 ./Drivers/STM32F4xx_HAL_Driver/Src/stm32f4xx_hal_i2c.o
                0x0000000008004950                HAL_I2C_AbortCpltCallback
 .text.I2C_MasterTransmit_TXE
                0x0000000008004964      0x138 ./Drivers/STM32F4xx_HAL_Driver/Src/stm32f4xx_hal_i2c.o
 .text.I2C_MasterTransmit_BTF
                0x0000000008004a9c       0xec ./Drivers/STM32F4xx_HAL_Driver/Src/stm32f4xx_hal_i2c.o
 .text.I2C_MemoryTransmit_TXE_BTF
                0x0000000008004b88      0x128 ./Drivers/STM32F4xx_HAL_Driver/Src/stm32f4xx_hal_i2c.o
 .text.I2C_MasterReceive_RXNE
                0x0000000008004cb0      0x162 ./Drivers/STM32F4xx_HAL_Driver/Src/stm32f4xx_hal_i2c.o
 .text.I2C_MasterReceive_BTF
                0x0000000008004e12      0x1d4 ./Drivers/STM32F4xx_HAL_Driver/Src/stm32f4xx_hal_i2c.o
 .text.I2C_Master_SB
                0x0000000008004fe6      0x10c ./Drivers/STM32F4xx_HAL_Driver/Src/stm32f4xx_hal_i2c.o
 .text.I2C_Master_ADD10
                0x00000000080050f2       0x54 ./Drivers/STM32F4xx_HAL_Driver/Src/stm32f4xx_hal_i2c.o
 .text.I2C_Master_ADDR
                0x0000000008005146      0x322 ./Drivers/STM32F4xx_HAL_Driver/Src/stm32f4xx_hal_i2c.o
 .text.I2C_SlaveTransmit_TXE
                0x0000000008005468       0x7a ./Drivers/STM32F4xx_HAL_Driver/Src/stm32f4xx_hal_i2c.o
 .text.I2C_SlaveTransmit_BTF
                0x00000000080054e2       0x42 ./Drivers/STM32F4xx_HAL_Driver/Src/stm32f4xx_hal_i2c.o
 .text.I2C_SlaveReceive_RXNE
                0x0000000008005524       0x7c ./Drivers/STM32F4xx_HAL_Driver/Src/stm32f4xx_hal_i2c.o
 .text.I2C_SlaveReceive_BTF
                0x00000000080055a0       0x44 ./Drivers/STM32F4xx_HAL_Driver/Src/stm32f4xx_hal_i2c.o
 .text.I2C_Slave_ADDR
                0x00000000080055e4       0x94 ./Drivers/STM32F4xx_HAL_Driver/Src/stm32f4xx_hal_i2c.o
 .text.I2C_Slave_STOPF
                0x0000000008005678      0x260 ./Drivers/STM32F4xx_HAL_Driver/Src/stm32f4xx_hal_i2c.o
 .text.I2C_Slave_AF
                0x00000000080058d8       0xe0 ./Drivers/STM32F4xx_HAL_Driver/Src/stm32f4xx_hal_i2c.o
 .text.I2C_ITError
                0x00000000080059b8      0x264 ./Drivers/STM32F4xx_HAL_Driver/Src/stm32f4xx_hal_i2c.o
 .text.I2C_DMAAbort
                0x0000000008005c1c      0x150 ./Drivers/STM32F4xx_HAL_Driver/Src/stm32f4xx_hal_i2c.o
 .text.I2C_WaitOnSTOPRequestThroughIT
                0x0000000008005d6c       0x64 ./Drivers/STM32F4xx_HAL_Driver/Src/stm32f4xx_hal_i2c.o
 .text.I2C_ConvertOtherXferOptions
                0x0000000008005dd0       0x36 ./Drivers/STM32F4xx_HAL_Driver/Src/stm32f4xx_hal_i2c.o
 *fill*         0x0000000008005e06        0x2 
 .text.HAL_RCC_OscConfig
                0x0000000008005e08      0x4f0 ./Drivers/STM32F4xx_HAL_Driver/Src/stm32f4xx_hal_rcc.o
                0x0000000008005e08                HAL_RCC_OscConfig
 .text.HAL_RCC_ClockConfig
                0x00000000080062f8      0x1cc ./Drivers/STM32F4xx_HAL_Driver/Src/stm32f4xx_hal_rcc.o
                0x00000000080062f8                HAL_RCC_ClockConfig
 .text.HAL_RCC_GetSysClockFreq
                0x00000000080064c4      0x1c4 ./Drivers/STM32F4xx_HAL_Driver/Src/stm32f4xx_hal_rcc.o
                0x00000000080064c4                HAL_RCC_GetSysClockFreq
 .text.HAL_RCC_GetHCLKFreq
                0x0000000008006688       0x18 ./Drivers/STM32F4xx_HAL_Driver/Src/stm32f4xx_hal_rcc.o
                0x0000000008006688                HAL_RCC_GetHCLKFreq
 .text.HAL_RCC_GetPCLK1Freq
                0x00000000080066a0       0x28 ./Drivers/STM32F4xx_HAL_Driver/Src/stm32f4xx_hal_rcc.o
                0x00000000080066a0                HAL_RCC_GetPCLK1Freq
 .text.HAL_RCC_GetPCLK2Freq
                0x00000000080066c8       0x28 ./Drivers/STM32F4xx_HAL_Driver/Src/stm32f4xx_hal_rcc.o
                0x00000000080066c8                HAL_RCC_GetPCLK2Freq
 .text.HAL_TIM_Base_Init
                0x00000000080066f0       0x9e ./Drivers/STM32F4xx_HAL_Driver/Src/stm32f4xx_hal_tim.o
                0x00000000080066f0                HAL_TIM_Base_Init
 *fill*         0x000000000800678e        0x2 
 .text.HAL_TIM_Base_Start
                0x0000000008006790       0xb4 ./Drivers/STM32F4xx_HAL_Driver/Src/stm32f4xx_hal_tim.o
                0x0000000008006790                HAL_TIM_Base_Start
 .text.HAL_TIM_Base_Start_IT
                0x0000000008006844       0xc4 ./Drivers/STM32F4xx_HAL_Driver/Src/stm32f4xx_hal_tim.o
                0x0000000008006844                HAL_TIM_Base_Start_IT
 .text.HAL_TIM_PWM_Init
                0x0000000008006908       0x9e ./Drivers/STM32F4xx_HAL_Driver/Src/stm32f4xx_hal_tim.o
                0x0000000008006908                HAL_TIM_PWM_Init
 .text.HAL_TIM_PWM_MspInit
                0x00000000080069a6       0x14 ./Drivers/STM32F4xx_HAL_Driver/Src/stm32f4xx_hal_tim.o
                0x00000000080069a6                HAL_TIM_PWM_MspInit
 *fill*         0x00000000080069ba        0x2 
 .text.HAL_TIM_PWM_Start
                0x00000000080069bc      0x160 ./Drivers/STM32F4xx_HAL_Driver/Src/stm32f4xx_hal_tim.o
                0x00000000080069bc                HAL_TIM_PWM_Start
 .text.HAL_TIM_IRQHandler
                0x0000000008006b1c      0x210 ./Drivers/STM32F4xx_HAL_Driver/Src/stm32f4xx_hal_tim.o
                0x0000000008006b1c                HAL_TIM_IRQHandler
 .text.HAL_TIM_PWM_ConfigChannel
                0x0000000008006d2c      0x184 ./Drivers/STM32F4xx_HAL_Driver/Src/stm32f4xx_hal_tim.o
                0x0000000008006d2c                HAL_TIM_PWM_ConfigChannel
 .text.HAL_TIM_ConfigClockSource
                0x0000000008006eb0      0x18e ./Drivers/STM32F4xx_HAL_Driver/Src/stm32f4xx_hal_tim.o
                0x0000000008006eb0                HAL_TIM_ConfigClockSource
 .text.HAL_TIM_OC_DelayElapsedCallback
                0x000000000800703e       0x14 ./Drivers/STM32F4xx_HAL_Driver/Src/stm32f4xx_hal_tim.o
                0x000000000800703e                HAL_TIM_OC_DelayElapsedCallback
 .text.HAL_TIM_IC_CaptureCallback
                0x0000000008007052       0x14 ./Drivers/STM32F4xx_HAL_Driver/Src/stm32f4xx_hal_tim.o
                0x0000000008007052                HAL_TIM_IC_CaptureCallback
 .text.HAL_TIM_PWM_PulseFinishedCallback
                0x0000000008007066       0x14 ./Drivers/STM32F4xx_HAL_Driver/Src/stm32f4xx_hal_tim.o
                0x0000000008007066                HAL_TIM_PWM_PulseFinishedCallback
 .text.HAL_TIM_TriggerCallback
                0x000000000800707a       0x14 ./Drivers/STM32F4xx_HAL_Driver/Src/stm32f4xx_hal_tim.o
                0x000000000800707a                HAL_TIM_TriggerCallback
 *fill*         0x000000000800708e        0x2 
 .text.TIM_Base_SetConfig
                0x0000000008007090      0x100 ./Drivers/STM32F4xx_HAL_Driver/Src/stm32f4xx_hal_tim.o
                0x0000000008007090                TIM_Base_SetConfig
 .text.TIM_OC1_SetConfig
                0x0000000008007190       0xcc ./Drivers/STM32F4xx_HAL_Driver/Src/stm32f4xx_hal_tim.o
 .text.TIM_OC2_SetConfig
                0x000000000800725c       0xd8 ./Drivers/STM32F4xx_HAL_Driver/Src/stm32f4xx_hal_tim.o
                0x000000000800725c                TIM_OC2_SetConfig
 .text.TIM_OC3_SetConfig
                0x0000000008007334       0xd4 ./Drivers/STM32F4xx_HAL_Driver/Src/stm32f4xx_hal_tim.o
 .text.TIM_OC4_SetConfig
                0x0000000008007408       0xa0 ./Drivers/STM32F4xx_HAL_Driver/Src/stm32f4xx_hal_tim.o
 .text.TIM_TI1_ConfigInputStage
                0x00000000080074a8       0x5e ./Drivers/STM32F4xx_HAL_Driver/Src/stm32f4xx_hal_tim.o
 .text.TIM_TI2_ConfigInputStage
                0x0000000008007506       0x60 ./Drivers/STM32F4xx_HAL_Driver/Src/stm32f4xx_hal_tim.o
 .text.TIM_ITRx_SetConfig
                0x0000000008007566       0x36 ./Drivers/STM32F4xx_HAL_Driver/Src/stm32f4xx_hal_tim.o
 .text.TIM_ETR_SetConfig
                0x000000000800759c       0x40 ./Drivers/STM32F4xx_HAL_Driver/Src/stm32f4xx_hal_tim.o
                0x000000000800759c                TIM_ETR_SetConfig
 .text.TIM_CCxChannelCmd
                0x00000000080075dc       0x4a ./Drivers/STM32F4xx_HAL_Driver/Src/stm32f4xx_hal_tim.o
                0x00000000080075dc                TIM_CCxChannelCmd
 *fill*         0x0000000008007626        0x2 
 .text.HAL_TIMEx_MasterConfigSynchronization
                0x0000000008007628       0xdc ./Drivers/STM32F4xx_HAL_Driver/Src/stm32f4xx_hal_tim_ex.o
                0x0000000008007628                HAL_TIMEx_MasterConfigSynchronization
 .text.HAL_TIMEx_CommutCallback
                0x0000000008007704       0x14 ./Drivers/STM32F4xx_HAL_Driver/Src/stm32f4xx_hal_tim_ex.o
                0x0000000008007704                HAL_TIMEx_CommutCallback
 .text.HAL_TIMEx_BreakCallback
                0x0000000008007718       0x14 ./Drivers/STM32F4xx_HAL_Driver/Src/stm32f4xx_hal_tim_ex.o
                0x0000000008007718                HAL_TIMEx_BreakCallback
 .text.HAL_UART_Init
                0x000000000800772c       0x9a ./Drivers/STM32F4xx_HAL_Driver/Src/stm32f4xx_hal_uart.o
                0x000000000800772c                HAL_UART_Init
 .text.HAL_UART_Receive_IT
                0x00000000080077c6       0x60 ./Drivers/STM32F4xx_HAL_Driver/Src/stm32f4xx_hal_uart.o
                0x00000000080077c6                HAL_UART_Receive_IT
 *fill*         0x0000000008007826        0x2 
 .text.HAL_UART_AbortReceive_IT
                0x0000000008007828      0x164 ./Drivers/STM32F4xx_HAL_Driver/Src/stm32f4xx_hal_uart.o
                0x0000000008007828                HAL_UART_AbortReceive_IT
 .text.HAL_UART_IRQHandler
                0x000000000800798c      0x51c ./Drivers/STM32F4xx_HAL_Driver/Src/stm32f4xx_hal_uart.o
                0x000000000800798c                HAL_UART_IRQHandler
 .text.HAL_UART_TxCpltCallback
                0x0000000008007ea8       0x14 ./Drivers/STM32F4xx_HAL_Driver/Src/stm32f4xx_hal_uart.o
                0x0000000008007ea8                HAL_UART_TxCpltCallback
 .text.HAL_UART_ErrorCallback
                0x0000000008007ebc       0x14 ./Drivers/STM32F4xx_HAL_Driver/Src/stm32f4xx_hal_uart.o
                0x0000000008007ebc                HAL_UART_ErrorCallback
 .text.HAL_UART_AbortReceiveCpltCallback
                0x0000000008007ed0       0x14 ./Drivers/STM32F4xx_HAL_Driver/Src/stm32f4xx_hal_uart.o
                0x0000000008007ed0                HAL_UART_AbortReceiveCpltCallback
 .text.HAL_UARTEx_RxEventCallback
                0x0000000008007ee4       0x18 ./Drivers/STM32F4xx_HAL_Driver/Src/stm32f4xx_hal_uart.o
                0x0000000008007ee4                HAL_UARTEx_RxEventCallback
 .text.UART_Start_Receive_IT
                0x0000000008007efc       0x74 ./Drivers/STM32F4xx_HAL_Driver/Src/stm32f4xx_hal_uart.o
                0x0000000008007efc                UART_Start_Receive_IT
 .text.UART_EndRxTransfer
                0x0000000008007f70       0xc6 ./Drivers/STM32F4xx_HAL_Driver/Src/stm32f4xx_hal_uart.o
 .text.UART_DMAAbortOnError
                0x0000000008008036       0x28 ./Drivers/STM32F4xx_HAL_Driver/Src/stm32f4xx_hal_uart.o
 .text.UART_DMARxOnlyAbortCallback
                0x000000000800805e       0x30 ./Drivers/STM32F4xx_HAL_Driver/Src/stm32f4xx_hal_uart.o
 .text.UART_Transmit_IT
                0x000000000800808e       0xa0 ./Drivers/STM32F4xx_HAL_Driver/Src/stm32f4xx_hal_uart.o
 .text.UART_EndTransmit_IT
                0x000000000800812e       0x30 ./Drivers/STM32F4xx_HAL_Driver/Src/stm32f4xx_hal_uart.o
 .text.UART_Receive_IT
                0x000000000800815e      0x176 ./Drivers/STM32F4xx_HAL_Driver/Src/stm32f4xx_hal_uart.o
 .text.UART_SetConfig
                0x00000000080082d4      0x390 ./Drivers/STM32F4xx_HAL_Driver/Src/stm32f4xx_hal_uart.o
 .text.__libc_init_array
                0x0000000008008664       0x48 c:/st/stm32cubeide_1.7.0/stm32cubeide/plugins/com.st.stm32cube.ide.mcu.externaltools.gnu-tools-for-stm32.9-2020-q2-update.win32_2.0.0.202105311346/tools/bin/../lib/gcc/arm-none-eabi/9.3.1/../../../../arm-none-eabi/lib/thumb/v7e-m+fp/hard\libc_nano.a(lib_a-init.o)
                0x0000000008008664                __libc_init_array
 .text.memcpy   0x00000000080086ac       0x1c c:/st/stm32cubeide_1.7.0/stm32cubeide/plugins/com.st.stm32cube.ide.mcu.externaltools.gnu-tools-for-stm32.9-2020-q2-update.win32_2.0.0.202105311346/tools/bin/../lib/gcc/arm-none-eabi/9.3.1/../../../../arm-none-eabi/lib/thumb/v7e-m+fp/hard\libc_nano.a(lib_a-memcpy-stub.o)
                0x00000000080086ac                memcpy
 .text.memset   0x00000000080086c8       0x10 c:/st/stm32cubeide_1.7.0/stm32cubeide/plugins/com.st.stm32cube.ide.mcu.externaltools.gnu-tools-for-stm32.9-2020-q2-update.win32_2.0.0.202105311346/tools/bin/../lib/gcc/arm-none-eabi/9.3.1/../../../../arm-none-eabi/lib/thumb/v7e-m+fp/hard\libc_nano.a(lib_a-memset.o)
                0x00000000080086c8                memset
 *(.glue_7)
 .glue_7        0x00000000080086d8        0x0 linker stubs
 *(.glue_7t)
 .glue_7t       0x00000000080086d8        0x0 linker stubs
 *(.eh_frame)
 .eh_frame      0x00000000080086d8        0x0 c:/st/stm32cubeide_1.7.0/stm32cubeide/plugins/com.st.stm32cube.ide.mcu.externaltools.gnu-tools-for-stm32.9-2020-q2-update.win32_2.0.0.202105311346/tools/bin/../lib/gcc/arm-none-eabi/9.3.1/thumb/v7e-m+fp/hard/crtbegin.o
 *(.init)
 .init          0x00000000080086d8        0x4 c:/st/stm32cubeide_1.7.0/stm32cubeide/plugins/com.st.stm32cube.ide.mcu.externaltools.gnu-tools-for-stm32.9-2020-q2-update.win32_2.0.0.202105311346/tools/bin/../lib/gcc/arm-none-eabi/9.3.1/thumb/v7e-m+fp/hard/crti.o
                0x00000000080086d8                _init
 .init          0x00000000080086dc        0x8 c:/st/stm32cubeide_1.7.0/stm32cubeide/plugins/com.st.stm32cube.ide.mcu.externaltools.gnu-tools-for-stm32.9-2020-q2-update.win32_2.0.0.202105311346/tools/bin/../lib/gcc/arm-none-eabi/9.3.1/thumb/v7e-m+fp/hard/crtn.o
 *(.fini)
 .fini          0x00000000080086e4        0x4 c:/st/stm32cubeide_1.7.0/stm32cubeide/plugins/com.st.stm32cube.ide.mcu.externaltools.gnu-tools-for-stm32.9-2020-q2-update.win32_2.0.0.202105311346/tools/bin/../lib/gcc/arm-none-eabi/9.3.1/thumb/v7e-m+fp/hard/crti.o
                0x00000000080086e4                _fini
 .fini          0x00000000080086e8        0x8 c:/st/stm32cubeide_1.7.0/stm32cubeide/plugins/com.st.stm32cube.ide.mcu.externaltools.gnu-tools-for-stm32.9-2020-q2-update.win32_2.0.0.202105311346/tools/bin/../lib/gcc/arm-none-eabi/9.3.1/thumb/v7e-m+fp/hard/crtn.o
                0x00000000080086f0                . = ALIGN (0x4)
                0x00000000080086f0                _etext = .

.vfp11_veneer   0x00000000080086f0        0x0
 .vfp11_veneer  0x00000000080086f0        0x0 linker stubs

.v4_bx          0x00000000080086f0        0x0
 .v4_bx         0x00000000080086f0        0x0 linker stubs

.iplt           0x00000000080086f0        0x0
 .iplt          0x00000000080086f0        0x0 c:/st/stm32cubeide_1.7.0/stm32cubeide/plugins/com.st.stm32cube.ide.mcu.externaltools.gnu-tools-for-stm32.9-2020-q2-update.win32_2.0.0.202105311346/tools/bin/../lib/gcc/arm-none-eabi/9.3.1/thumb/v7e-m+fp/hard/crtbegin.o

.rodata         0x00000000080086f0      0x210
                0x00000000080086f0                . = ALIGN (0x4)
 *(.rodata)
 .rodata        0x00000000080086f0        0xd ./Core/Src/main.o
 *(.rodata*)
 *fill*         0x00000000080086fd        0x3 
 .rodata.CWJAP_MEGA
                0x0000000008008700       0x28 ./Core/Src/main.o
                0x0000000008008700                CWJAP_MEGA
 .rodata.CIFSR  0x0000000008008728        0xb ./Core/Src/main.o
                0x0000000008008728                CIFSR
 *fill*         0x0000000008008733        0x1 
 .rodata.CIPMUX
                0x0000000008008734        0xe ./Core/Src/main.o
                0x0000000008008734                CIPMUX
 *fill*         0x0000000008008742        0x2 
 .rodata.CIPSTART
                0x0000000008008744       0x2d ./Core/Src/main.o
                0x0000000008008744                CIPSTART
 *fill*         0x0000000008008771        0x3 
 .rodata.CIPSEND
                0x0000000008008774        0xc ./Core/Src/main.o
                0x0000000008008774                CIPSEND
 .rodata.CWMODE
                0x0000000008008780        0xe ./Core/Src/main.o
                0x0000000008008780                CWMODE
 *fill*         0x000000000800878e        0x2 
 .rodata.ANS_CWMODE
                0x0000000008008790       0x14 ./Core/Src/main.o
                0x0000000008008790                ANS_CWMODE
 .rodata.ANS_CWJAP_MEGA
                0x00000000080087a4       0x4a ./Core/Src/main.o
                0x00000000080087a4                ANS_CWJAP_MEGA
 *fill*         0x00000000080087ee        0x2 
 .rodata.ANS_CIPMUX
                0x00000000080087f0       0x14 ./Core/Src/main.o
                0x00000000080087f0                ANS_CIPMUX
 .rodata.ANS_CIPSTART
                0x0000000008008804       0x3c ./Core/Src/main.o
                0x0000000008008804                ANS_CIPSTART
 .rodata.AUTOMATIC_WIFI_CONNECTED
                0x0000000008008840       0x1e ./Core/Src/main.o
                0x0000000008008840                AUTOMATIC_WIFI_CONNECTED
 *fill*         0x000000000800885e        0x2 
 .rodata.WIFI_DISCONNECT
                0x0000000008008860       0x12 ./Core/Src/main.o
                0x0000000008008860                WIFI_DISCONNECT
 *fill*         0x0000000008008872        0x2 
 .rodata.CIFSR_STAIP
                0x0000000008008874        0xe ./Core/Src/main.o
                0x0000000008008874                CIFSR_STAIP
 *fill*         0x0000000008008882        0x2 
 .rodata.OK     0x0000000008008884        0x7 ./Core/Src/main.o
                0x0000000008008884                OK
 *fill*         0x000000000800888b        0x1 
 .rodata.CIPSEND1
                0x000000000800888c        0xb ./Core/Src/main.o
                0x000000000800888c                CIPSEND1
 *fill*         0x0000000008008897        0x1 
 .rodata.CIPSEND2
                0x0000000008008898        0x9 ./Core/Src/main.o
                0x0000000008008898                CIPSEND2
 *fill*         0x00000000080088a1        0x3 
 .rodata.CIPSEND3
                0x00000000080088a4        0x5 ./Core/Src/main.o
                0x00000000080088a4                CIPSEND3
 *fill*         0x00000000080088a9        0x3 
 .rodata.CIPSEND4
                0x00000000080088ac       0x14 ./Core/Src/main.o
                0x00000000080088ac                CIPSEND4
 .rodata.ALIVE  0x00000000080088c0        0x7 ./Core/Src/main.o
                0x00000000080088c0                ALIVE
 *fill*         0x00000000080088c7        0x1 
 .rodata.IPD    0x00000000080088c8        0x7 ./Core/Src/main.o
                0x00000000080088c8                IPD
 *fill*         0x00000000080088cf        0x1 
 .rodata.UNER   0x00000000080088d0        0x4 ./Core/Src/main.o
                0x00000000080088d0                UNER
 .rodata.ACK_D0
                0x00000000080088d4        0x9 ./Core/Src/main.o
                0x00000000080088d4                ACK_D0
 *fill*         0x00000000080088dd        0x3 
 .rodata.AHBPrescTable
                0x00000000080088e0       0x10 ./Core/Src/system_stm32f4xx.o
                0x00000000080088e0                AHBPrescTable
 .rodata.APBPrescTable
                0x00000000080088f0        0x8 ./Core/Src/system_stm32f4xx.o
                0x00000000080088f0                APBPrescTable
 .rodata.flagBitshiftOffset.8841
                0x00000000080088f8        0x8 ./Drivers/STM32F4xx_HAL_Driver/Src/stm32f4xx_hal_dma.o
                0x0000000008008900                . = ALIGN (0x4)

.ARM.extab      0x0000000008008900        0x0
                0x0000000008008900                . = ALIGN (0x4)
 *(.ARM.extab* .gnu.linkonce.armextab.*)
                0x0000000008008900                . = ALIGN (0x4)

.ARM            0x0000000008008900        0x8
                0x0000000008008900                . = ALIGN (0x4)
                0x0000000008008900                __exidx_start = .
 *(.ARM.exidx*)
 .ARM.exidx     0x0000000008008900        0x8 c:/st/stm32cubeide_1.7.0/stm32cubeide/plugins/com.st.stm32cube.ide.mcu.externaltools.gnu-tools-for-stm32.9-2020-q2-update.win32_2.0.0.202105311346/tools/bin/../lib/gcc/arm-none-eabi/9.3.1/thumb/v7e-m+fp/hard\libgcc.a(_udivmoddi4.o)
                0x0000000008008908                __exidx_end = .
                0x0000000008008908                . = ALIGN (0x4)

.rel.dyn        0x0000000008008908        0x0
 .rel.iplt      0x0000000008008908        0x0 c:/st/stm32cubeide_1.7.0/stm32cubeide/plugins/com.st.stm32cube.ide.mcu.externaltools.gnu-tools-for-stm32.9-2020-q2-update.win32_2.0.0.202105311346/tools/bin/../lib/gcc/arm-none-eabi/9.3.1/thumb/v7e-m+fp/hard/crtbegin.o

.preinit_array  0x0000000008008908        0x0
                0x0000000008008908                . = ALIGN (0x4)
                0x0000000008008908                PROVIDE (__preinit_array_start = .)
 *(.preinit_array*)
                0x0000000008008908                PROVIDE (__preinit_array_end = .)
                0x0000000008008908                . = ALIGN (0x4)

.init_array     0x0000000008008908        0x4
                0x0000000008008908                . = ALIGN (0x4)
                0x0000000008008908                PROVIDE (__init_array_start = .)
 *(SORT_BY_NAME(.init_array.*))
 *(.init_array*)
 .init_array    0x0000000008008908        0x4 c:/st/stm32cubeide_1.7.0/stm32cubeide/plugins/com.st.stm32cube.ide.mcu.externaltools.gnu-tools-for-stm32.9-2020-q2-update.win32_2.0.0.202105311346/tools/bin/../lib/gcc/arm-none-eabi/9.3.1/thumb/v7e-m+fp/hard/crtbegin.o
                0x000000000800890c                PROVIDE (__init_array_end = .)
                0x000000000800890c                . = ALIGN (0x4)

.fini_array     0x000000000800890c        0x4
                0x000000000800890c                . = ALIGN (0x4)
                [!provide]                        PROVIDE (__fini_array_start = .)
 *(SORT_BY_NAME(.fini_array.*))
 *(.fini_array*)
 .fini_array    0x000000000800890c        0x4 c:/st/stm32cubeide_1.7.0/stm32cubeide/plugins/com.st.stm32cube.ide.mcu.externaltools.gnu-tools-for-stm32.9-2020-q2-update.win32_2.0.0.202105311346/tools/bin/../lib/gcc/arm-none-eabi/9.3.1/thumb/v7e-m+fp/hard/crtbegin.o
                [!provide]                        PROVIDE (__fini_array_end = .)
                0x0000000008008910                . = ALIGN (0x4)
                0x0000000008008910                _sidata = LOADADDR (.data)

.data           0x0000000020000000       0x10 load address 0x0000000008008910
                0x0000000020000000                . = ALIGN (0x4)
                0x0000000020000000                _sdata = .
 *(.data)
 *(.data*)
 .data.comando  0x0000000020000000        0x1 ./Core/Src/main.o
                0x0000000020000000                comando
 .data.k.9707   0x0000000020000001        0x1 ./Core/Src/main.o
 *fill*         0x0000000020000002        0x2 
 .data.SystemCoreClock
                0x0000000020000004        0x4 ./Core/Src/system_stm32f4xx.o
                0x0000000020000004                SystemCoreClock
 .data.uwTickPrio
                0x0000000020000008        0x4 ./Drivers/STM32F4xx_HAL_Driver/Src/stm32f4xx_hal.o
                0x0000000020000008                uwTickPrio
 .data.uwTickFreq
                0x000000002000000c        0x1 ./Drivers/STM32F4xx_HAL_Driver/Src/stm32f4xx_hal.o
                0x000000002000000c                uwTickFreq
 *(.RamFunc)
 *(.RamFunc*)
                0x0000000020000010                . = ALIGN (0x4)
 *fill*         0x000000002000000d        0x3 
                0x0000000020000010                _edata = .

.igot.plt       0x0000000020000010        0x0 load address 0x0000000008008920
 .igot.plt      0x0000000020000010        0x0 c:/st/stm32cubeide_1.7.0/stm32cubeide/plugins/com.st.stm32cube.ide.mcu.externaltools.gnu-tools-for-stm32.9-2020-q2-update.win32_2.0.0.202105311346/tools/bin/../lib/gcc/arm-none-eabi/9.3.1/thumb/v7e-m+fp/hard/crtbegin.o
                0x0000000020000010                . = ALIGN (0x4)

.bss            0x0000000020000010      0x788 load address 0x0000000008008920
                0x0000000020000010                _sbss = .
                0x0000000020000010                __bss_start__ = _sbss
 *(.bss)
 .bss           0x0000000020000010       0x1c c:/st/stm32cubeide_1.7.0/stm32cubeide/plugins/com.st.stm32cube.ide.mcu.externaltools.gnu-tools-for-stm32.9-2020-q2-update.win32_2.0.0.202105311346/tools/bin/../lib/gcc/arm-none-eabi/9.3.1/thumb/v7e-m+fp/hard/crtbegin.o
 *(.bss*)
 .bss.indexR_TxESP
                0x000000002000002c        0x1 ./Core/Src/main.o
                0x000000002000002c                indexR_TxESP
 .bss.indexW_TxESP
                0x000000002000002d        0x1 ./Core/Src/main.o
                0x000000002000002d                indexW_TxESP
 .bss.indexR_RxESP
                0x000000002000002e        0x1 ./Core/Src/main.o
                0x000000002000002e                indexR_RxESP
 .bss.indexW_RxESP
                0x000000002000002f        0x1 ./Core/Src/main.o
                0x000000002000002f                indexW_RxESP
 .bss.indexR_Debug
                0x0000000020000030        0x1 ./Core/Src/main.o
                0x0000000020000030                indexR_Debug
 .bss.indexW_Debug
                0x0000000020000031        0x1 ./Core/Src/main.o
                0x0000000020000031                indexW_Debug
 .bss.AT        0x0000000020000032        0x1 ./Core/Src/main.o
                0x0000000020000032                AT
 *fill*         0x0000000020000033        0x1 
 .bss.timeOut   0x0000000020000034        0x2 ./Core/Src/main.o
                0x0000000020000034                timeOut
 .bss.timeOut2  0x0000000020000036        0x2 ./Core/Src/main.o
                0x0000000020000036                timeOut2
 .bss.timeOut3  0x0000000020000038        0x2 ./Core/Src/main.o
                0x0000000020000038                timeOut3
 .bss.timeOut4  0x000000002000003a        0x2 ./Core/Src/main.o
                0x000000002000003a                timeOut4
 .bss.duty      0x000000002000003c        0x1 ./Core/Src/main.o
                0x000000002000003c                duty
 .bss.readyToSend
                0x000000002000003d        0x1 ./Core/Src/main.o
                0x000000002000003d                readyToSend
 .bss.espReadyToRecieve
                0x000000002000003e        0x1 ./Core/Src/main.o
                0x000000002000003e                espReadyToRecieve
 .bss.decodeCIPSEND
                0x000000002000003f        0x1 ./Core/Src/main.o
                0x000000002000003f                decodeCIPSEND
 .bss.decodeCIFSR
                0x0000000020000040        0x1 ./Core/Src/main.o
                0x0000000020000040                decodeCIFSR
 .bss.lengthIP  0x0000000020000041        0x1 ./Core/Src/main.o
                0x0000000020000041                lengthIP
 .bss.indexADC  0x0000000020000042        0x1 ./Core/Src/main.o
                0x0000000020000042                indexADC
 .bss.bytesToSend_aux
                0x0000000020000043        0x1 ./Core/Src/main.o
                0x0000000020000043                bytesToSend_aux
 .bss.i.9706    0x0000000020000044        0x1 ./Core/Src/main.o
 *(COMMON)
 *fill*         0x0000000020000045        0x3 
 COMMON         0x0000000020000048      0x74b ./Core/Src/main.o
                0x0000000020000048                bufferRxESP
                0x0000000020000148                htim4
                0x0000000020000190                hi2c1
                0x00000000200001e4                valueADC
                0x00000000200001e8                PWM_motor2
                0x00000000200001ec                jobTime
                0x00000000200001f0                htim3
                0x0000000020000238                cantBytes
                0x000000002000023c                hadc1
                0x0000000020000284                bytesUNERprotocol
                0x0000000020000288                huart1
                0x00000000200002cc                bufferTxESP
                0x00000000200003cc                flag1
                0x00000000200003d0                hdma_adc1
                0x0000000020000430                bufferDebug
                0x0000000020000530                cmdUNERprotocol
                0x0000000020000531                bytesToSend
                0x0000000020000534                ADCData
                0x0000000020000734                huart2
                0x0000000020000778                cks
                0x000000002000077c                PWM_motor1
                0x0000000020000780                decodeIPD
                0x0000000020000784                espIP
 *fill*         0x0000000020000793        0x1 
 COMMON         0x0000000020000794        0x4 ./Drivers/STM32F4xx_HAL_Driver/Src/stm32f4xx_hal.o
                0x0000000020000794                uwTick
                0x0000000020000798                . = ALIGN (0x4)
                0x0000000020000798                _ebss = .
                0x0000000020000798                __bss_end__ = _ebss

._user_heap_stack
                0x0000000020000798      0x600 load address 0x0000000008008920
                0x0000000020000798                . = ALIGN (0x8)
                [!provide]                        PROVIDE (end = .)
                0x0000000020000798                PROVIDE (_end = .)
                0x0000000020000998                . = (. + _Min_Heap_Size)
 *fill*         0x0000000020000798      0x200 
                0x0000000020000d98                . = (. + _Min_Stack_Size)
 *fill*         0x0000000020000998      0x400 
                0x0000000020000d98                . = ALIGN (0x8)

/DISCARD/
 libc.a(*)
 libm.a(*)
 libgcc.a(*)

.ARM.attributes
                0x0000000000000000       0x30
 *(.ARM.attributes)
 .ARM.attributes
                0x0000000000000000       0x1e c:/st/stm32cubeide_1.7.0/stm32cubeide/plugins/com.st.stm32cube.ide.mcu.externaltools.gnu-tools-for-stm32.9-2020-q2-update.win32_2.0.0.202105311346/tools/bin/../lib/gcc/arm-none-eabi/9.3.1/thumb/v7e-m+fp/hard/crti.o
 .ARM.attributes
                0x000000000000001e       0x34 c:/st/stm32cubeide_1.7.0/stm32cubeide/plugins/com.st.stm32cube.ide.mcu.externaltools.gnu-tools-for-stm32.9-2020-q2-update.win32_2.0.0.202105311346/tools/bin/../lib/gcc/arm-none-eabi/9.3.1/thumb/v7e-m+fp/hard/crtbegin.o
 .ARM.attributes
                0x0000000000000052       0x34 ./Core/Src/main.o
 .ARM.attributes
                0x0000000000000086       0x34 ./Core/Src/stm32f4xx_hal_msp.o
 .ARM.attributes
                0x00000000000000ba       0x34 ./Core/Src/stm32f4xx_it.o
 .ARM.attributes
                0x00000000000000ee       0x34 ./Core/Src/system_stm32f4xx.o
 .ARM.attributes
                0x0000000000000122       0x21 ./Core/Startup/startup_stm32f401retx.o
 .ARM.attributes
                0x0000000000000143       0x34 ./Drivers/STM32F4xx_HAL_Driver/Src/stm32f4xx_hal.o
 .ARM.attributes
                0x0000000000000177       0x34 ./Drivers/STM32F4xx_HAL_Driver/Src/stm32f4xx_hal_adc.o
 .ARM.attributes
                0x00000000000001ab       0x34 ./Drivers/STM32F4xx_HAL_Driver/Src/stm32f4xx_hal_adc_ex.o
 .ARM.attributes
                0x00000000000001df       0x34 ./Drivers/STM32F4xx_HAL_Driver/Src/stm32f4xx_hal_cortex.o
 .ARM.attributes
                0x0000000000000213       0x34 ./Drivers/STM32F4xx_HAL_Driver/Src/stm32f4xx_hal_dma.o
 .ARM.attributes
                0x0000000000000247       0x34 ./Drivers/STM32F4xx_HAL_Driver/Src/stm32f4xx_hal_gpio.o
 .ARM.attributes
                0x000000000000027b       0x34 ./Drivers/STM32F4xx_HAL_Driver/Src/stm32f4xx_hal_i2c.o
 .ARM.attributes
                0x00000000000002af       0x34 ./Drivers/STM32F4xx_HAL_Driver/Src/stm32f4xx_hal_rcc.o
 .ARM.attributes
                0x00000000000002e3       0x34 ./Drivers/STM32F4xx_HAL_Driver/Src/stm32f4xx_hal_tim.o
 .ARM.attributes
                0x0000000000000317       0x34 ./Drivers/STM32F4xx_HAL_Driver/Src/stm32f4xx_hal_tim_ex.o
 .ARM.attributes
                0x000000000000034b       0x34 ./Drivers/STM32F4xx_HAL_Driver/Src/stm32f4xx_hal_uart.o
 .ARM.attributes
                0x000000000000037f       0x34 c:/st/stm32cubeide_1.7.0/stm32cubeide/plugins/com.st.stm32cube.ide.mcu.externaltools.gnu-tools-for-stm32.9-2020-q2-update.win32_2.0.0.202105311346/tools/bin/../lib/gcc/arm-none-eabi/9.3.1/../../../../arm-none-eabi/lib/thumb/v7e-m+fp/hard\libc_nano.a(lib_a-init.o)
 .ARM.attributes
                0x00000000000003b3       0x34 c:/st/stm32cubeide_1.7.0/stm32cubeide/plugins/com.st.stm32cube.ide.mcu.externaltools.gnu-tools-for-stm32.9-2020-q2-update.win32_2.0.0.202105311346/tools/bin/../lib/gcc/arm-none-eabi/9.3.1/../../../../arm-none-eabi/lib/thumb/v7e-m+fp/hard\libc_nano.a(lib_a-memcpy-stub.o)
 .ARM.attributes
                0x00000000000003e7       0x34 c:/st/stm32cubeide_1.7.0/stm32cubeide/plugins/com.st.stm32cube.ide.mcu.externaltools.gnu-tools-for-stm32.9-2020-q2-update.win32_2.0.0.202105311346/tools/bin/../lib/gcc/arm-none-eabi/9.3.1/../../../../arm-none-eabi/lib/thumb/v7e-m+fp/hard\libc_nano.a(lib_a-memset.o)
 .ARM.attributes
                0x000000000000041b       0x1e c:/st/stm32cubeide_1.7.0/stm32cubeide/plugins/com.st.stm32cube.ide.mcu.externaltools.gnu-tools-for-stm32.9-2020-q2-update.win32_2.0.0.202105311346/tools/bin/../lib/gcc/arm-none-eabi/9.3.1/thumb/v7e-m+fp/hard\libgcc.a(_aeabi_uldivmod.o)
 .ARM.attributes
                0x0000000000000439       0x34 c:/st/stm32cubeide_1.7.0/stm32cubeide/plugins/com.st.stm32cube.ide.mcu.externaltools.gnu-tools-for-stm32.9-2020-q2-update.win32_2.0.0.202105311346/tools/bin/../lib/gcc/arm-none-eabi/9.3.1/thumb/v7e-m+fp/hard\libgcc.a(_udivmoddi4.o)
 .ARM.attributes
                0x000000000000046d       0x1e c:/st/stm32cubeide_1.7.0/stm32cubeide/plugins/com.st.stm32cube.ide.mcu.externaltools.gnu-tools-for-stm32.9-2020-q2-update.win32_2.0.0.202105311346/tools/bin/../lib/gcc/arm-none-eabi/9.3.1/thumb/v7e-m+fp/hard\libgcc.a(_dvmd_tls.o)
 .ARM.attributes
                0x000000000000048b       0x1e c:/st/stm32cubeide_1.7.0/stm32cubeide/plugins/com.st.stm32cube.ide.mcu.externaltools.gnu-tools-for-stm32.9-2020-q2-update.win32_2.0.0.202105311346/tools/bin/../lib/gcc/arm-none-eabi/9.3.1/thumb/v7e-m+fp/hard/crtn.o
OUTPUT(AUTO1.elf elf32-littlearm)
LOAD linker stubs
LOAD c:/st/stm32cubeide_1.7.0/stm32cubeide/plugins/com.st.stm32cube.ide.mcu.externaltools.gnu-tools-for-stm32.9-2020-q2-update.win32_2.0.0.202105311346/tools/bin/../lib/gcc/arm-none-eabi/9.3.1/../../../../arm-none-eabi/lib/thumb/v7e-m+fp/hard\libc.a
LOAD c:/st/stm32cubeide_1.7.0/stm32cubeide/plugins/com.st.stm32cube.ide.mcu.externaltools.gnu-tools-for-stm32.9-2020-q2-update.win32_2.0.0.202105311346/tools/bin/../lib/gcc/arm-none-eabi/9.3.1/../../../../arm-none-eabi/lib/thumb/v7e-m+fp/hard\libm.a
LOAD c:/st/stm32cubeide_1.7.0/stm32cubeide/plugins/com.st.stm32cube.ide.mcu.externaltools.gnu-tools-for-stm32.9-2020-q2-update.win32_2.0.0.202105311346/tools/bin/../lib/gcc/arm-none-eabi/9.3.1/thumb/v7e-m+fp/hard\libgcc.a

.debug_info     0x0000000000000000    0x13ea5
 .debug_info    0x0000000000000000     0x2aa7 ./Core/Src/main.o
 .debug_info    0x0000000000002aa7     0x16cb ./Core/Src/stm32f4xx_hal_msp.o
 .debug_info    0x0000000000004172     0x1010 ./Core/Src/stm32f4xx_it.o
 .debug_info    0x0000000000005182      0x5d0 ./Core/Src/system_stm32f4xx.o
 .debug_info    0x0000000000005752       0x22 ./Core/Startup/startup_stm32f401retx.o
 .debug_info    0x0000000000005774      0x93d ./Drivers/STM32F4xx_HAL_Driver/Src/stm32f4xx_hal.o
 .debug_info    0x00000000000060b1      0xdb4 ./Drivers/STM32F4xx_HAL_Driver/Src/stm32f4xx_hal_adc.o
 .debug_info    0x0000000000006e65      0xc1a ./Drivers/STM32F4xx_HAL_Driver/Src/stm32f4xx_hal_adc_ex.o
 .debug_info    0x0000000000007a7f      0xe41 ./Drivers/STM32F4xx_HAL_Driver/Src/stm32f4xx_hal_cortex.o
 .debug_info    0x00000000000088c0      0x9e9 ./Drivers/STM32F4xx_HAL_Driver/Src/stm32f4xx_hal_dma.o
 .debug_info    0x00000000000092a9      0x862 ./Drivers/STM32F4xx_HAL_Driver/Src/stm32f4xx_hal_gpio.o
 .debug_info    0x0000000000009b0b     0x2653 ./Drivers/STM32F4xx_HAL_Driver/Src/stm32f4xx_hal_i2c.o
 .debug_info    0x000000000000c15e      0x9bd ./Drivers/STM32F4xx_HAL_Driver/Src/stm32f4xx_hal_rcc.o
 .debug_info    0x000000000000cb1b     0x2c1a ./Drivers/STM32F4xx_HAL_Driver/Src/stm32f4xx_hal_tim.o
 .debug_info    0x000000000000f735     0x159a ./Drivers/STM32F4xx_HAL_Driver/Src/stm32f4xx_hal_tim_ex.o
 .debug_info    0x0000000000010ccf     0x31d6 ./Drivers/STM32F4xx_HAL_Driver/Src/stm32f4xx_hal_uart.o

.debug_abbrev   0x0000000000000000     0x22fc
 .debug_abbrev  0x0000000000000000      0x3b7 ./Core/Src/main.o
 .debug_abbrev  0x00000000000003b7      0x206 ./Core/Src/stm32f4xx_hal_msp.o
 .debug_abbrev  0x00000000000005bd      0x1a1 ./Core/Src/stm32f4xx_it.o
 .debug_abbrev  0x000000000000075e      0x145 ./Core/Src/system_stm32f4xx.o
 .debug_abbrev  0x00000000000008a3       0x12 ./Core/Startup/startup_stm32f401retx.o
 .debug_abbrev  0x00000000000008b5      0x21e ./Drivers/STM32F4xx_HAL_Driver/Src/stm32f4xx_hal.o
 .debug_abbrev  0x0000000000000ad3      0x1ef ./Drivers/STM32F4xx_HAL_Driver/Src/stm32f4xx_hal_adc.o
 .debug_abbrev  0x0000000000000cc2      0x20a ./Drivers/STM32F4xx_HAL_Driver/Src/stm32f4xx_hal_adc_ex.o
 .debug_abbrev  0x0000000000000ecc      0x33c ./Drivers/STM32F4xx_HAL_Driver/Src/stm32f4xx_hal_cortex.o
 .debug_abbrev  0x0000000000001208      0x219 ./Drivers/STM32F4xx_HAL_Driver/Src/stm32f4xx_hal_dma.o
 .debug_abbrev  0x0000000000001421      0x1f1 ./Drivers/STM32F4xx_HAL_Driver/Src/stm32f4xx_hal_gpio.o
 .debug_abbrev  0x0000000000001612      0x293 ./Drivers/STM32F4xx_HAL_Driver/Src/stm32f4xx_hal_i2c.o
 .debug_abbrev  0x00000000000018a5      0x275 ./Drivers/STM32F4xx_HAL_Driver/Src/stm32f4xx_hal_rcc.o
 .debug_abbrev  0x0000000000001b1a      0x26f ./Drivers/STM32F4xx_HAL_Driver/Src/stm32f4xx_hal_tim.o
 .debug_abbrev  0x0000000000001d89      0x277 ./Drivers/STM32F4xx_HAL_Driver/Src/stm32f4xx_hal_tim_ex.o
 .debug_abbrev  0x0000000000002000      0x2fc ./Drivers/STM32F4xx_HAL_Driver/Src/stm32f4xx_hal_uart.o

.debug_aranges  0x0000000000000000     0x10d0
 .debug_aranges
                0x0000000000000000       0xb8 ./Core/Src/main.o
 .debug_aranges
                0x00000000000000b8       0x68 ./Core/Src/stm32f4xx_hal_msp.o
 .debug_aranges
                0x0000000000000120       0x98 ./Core/Src/stm32f4xx_it.o
 .debug_aranges
                0x00000000000001b8       0x28 ./Core/Src/system_stm32f4xx.o
 .debug_aranges
                0x00000000000001e0       0x28 ./Core/Startup/startup_stm32f401retx.o
 .debug_aranges
                0x0000000000000208       0xf0 ./Drivers/STM32F4xx_HAL_Driver/Src/stm32f4xx_hal.o
 .debug_aranges
                0x00000000000002f8       0xe8 ./Drivers/STM32F4xx_HAL_Driver/Src/stm32f4xx_hal_adc.o
 .debug_aranges
                0x00000000000003e0       0x90 ./Drivers/STM32F4xx_HAL_Driver/Src/stm32f4xx_hal_adc_ex.o
 .debug_aranges
                0x0000000000000470      0x118 ./Drivers/STM32F4xx_HAL_Driver/Src/stm32f4xx_hal_cortex.o
 .debug_aranges
                0x0000000000000588       0x90 ./Drivers/STM32F4xx_HAL_Driver/Src/stm32f4xx_hal_dma.o
 .debug_aranges
                0x0000000000000618       0x58 ./Drivers/STM32F4xx_HAL_Driver/Src/stm32f4xx_hal_gpio.o
 .debug_aranges
                0x0000000000000670      0x2a0 ./Drivers/STM32F4xx_HAL_Driver/Src/stm32f4xx_hal_i2c.o
 .debug_aranges
                0x0000000000000910       0x88 ./Drivers/STM32F4xx_HAL_Driver/Src/stm32f4xx_hal_rcc.o
 .debug_aranges
                0x0000000000000998      0x3d0 ./Drivers/STM32F4xx_HAL_Driver/Src/stm32f4xx_hal_tim.o
 .debug_aranges
                0x0000000000000d68      0x168 ./Drivers/STM32F4xx_HAL_Driver/Src/stm32f4xx_hal_tim_ex.o
 .debug_aranges
                0x0000000000000ed0      0x200 ./Drivers/STM32F4xx_HAL_Driver/Src/stm32f4xx_hal_uart.o

.debug_ranges   0x0000000000000000     0x1030
 .debug_ranges  0x0000000000000000       0xa8 ./Core/Src/main.o
 .debug_ranges  0x00000000000000a8       0x58 ./Core/Src/stm32f4xx_hal_msp.o
 .debug_ranges  0x0000000000000100       0x88 ./Core/Src/stm32f4xx_it.o
 .debug_ranges  0x0000000000000188       0x18 ./Core/Src/system_stm32f4xx.o
 .debug_ranges  0x00000000000001a0       0x20 ./Core/Startup/startup_stm32f401retx.o
 .debug_ranges  0x00000000000001c0       0xe0 ./Drivers/STM32F4xx_HAL_Driver/Src/stm32f4xx_hal.o
 .debug_ranges  0x00000000000002a0       0xd8 ./Drivers/STM32F4xx_HAL_Driver/Src/stm32f4xx_hal_adc.o
 .debug_ranges  0x0000000000000378       0x80 ./Drivers/STM32F4xx_HAL_Driver/Src/stm32f4xx_hal_adc_ex.o
 .debug_ranges  0x00000000000003f8      0x108 ./Drivers/STM32F4xx_HAL_Driver/Src/stm32f4xx_hal_cortex.o
 .debug_ranges  0x0000000000000500       0x80 ./Drivers/STM32F4xx_HAL_Driver/Src/stm32f4xx_hal_dma.o
 .debug_ranges  0x0000000000000580       0x48 ./Drivers/STM32F4xx_HAL_Driver/Src/stm32f4xx_hal_gpio.o
 .debug_ranges  0x00000000000005c8      0x2b8 ./Drivers/STM32F4xx_HAL_Driver/Src/stm32f4xx_hal_i2c.o
 .debug_ranges  0x0000000000000880       0x78 ./Drivers/STM32F4xx_HAL_Driver/Src/stm32f4xx_hal_rcc.o
 .debug_ranges  0x00000000000008f8      0x3c0 ./Drivers/STM32F4xx_HAL_Driver/Src/stm32f4xx_hal_tim.o
 .debug_ranges  0x0000000000000cb8      0x158 ./Drivers/STM32F4xx_HAL_Driver/Src/stm32f4xx_hal_tim_ex.o
 .debug_ranges  0x0000000000000e10      0x220 ./Drivers/STM32F4xx_HAL_Driver/Src/stm32f4xx_hal_uart.o

.debug_macro    0x0000000000000000    0x17adc
 .debug_macro   0x0000000000000000      0x34a ./Core/Src/main.o
 .debug_macro   0x000000000000034a      0xaa8 ./Core/Src/main.o
 .debug_macro   0x0000000000000df2      0x2a7 ./Core/Src/main.o
 .debug_macro   0x0000000000001099       0x2e ./Core/Src/main.o
 .debug_macro   0x00000000000010c7       0x28 ./Core/Src/main.o
 .debug_macro   0x00000000000010ef       0x22 ./Core/Src/main.o
 .debug_macro   0x0000000000001111       0x8e ./Core/Src/main.o
 .debug_macro   0x000000000000119f       0x51 ./Core/Src/main.o
 .debug_macro   0x00000000000011f0      0x103 ./Core/Src/main.o
 .debug_macro   0x00000000000012f3       0x6a ./Core/Src/main.o
 .debug_macro   0x000000000000135d      0x1df ./Core/Src/main.o
 .debug_macro   0x000000000000153c       0x1c ./Core/Src/main.o
 .debug_macro   0x0000000000001558       0x22 ./Core/Src/main.o
 .debug_macro   0x000000000000157a       0xdf ./Core/Src/main.o
 .debug_macro   0x0000000000001659     0x102d ./Core/Src/main.o
 .debug_macro   0x0000000000002686      0x11f ./Core/Src/main.o
 .debug_macro   0x00000000000027a5     0xb86c ./Core/Src/main.o
 .debug_macro   0x000000000000e011       0x6d ./Core/Src/main.o
 .debug_macro   0x000000000000e07e     0x3666 ./Core/Src/main.o
 .debug_macro   0x00000000000116e4      0x174 ./Core/Src/main.o
 .debug_macro   0x0000000000011858       0x5c ./Core/Src/main.o
 .debug_macro   0x00000000000118b4      0x416 ./Core/Src/main.o
 .debug_macro   0x0000000000011cca      0x9fe ./Core/Src/main.o
 .debug_macro   0x00000000000126c8      0x116 ./Core/Src/main.o
 .debug_macro   0x00000000000127de       0xf8 ./Core/Src/main.o
 .debug_macro   0x00000000000128d6       0xa5 ./Core/Src/main.o
 .debug_macro   0x000000000001297b      0x15f ./Core/Src/main.o
 .debug_macro   0x0000000000012ada      0x287 ./Core/Src/main.o
 .debug_macro   0x0000000000012d61       0x5f ./Core/Src/main.o
 .debug_macro   0x0000000000012dc0      0x236 ./Core/Src/main.o
 .debug_macro   0x0000000000012ff6      0x9e1 ./Core/Src/main.o
 .debug_macro   0x00000000000139d7      0x38b ./Core/Src/main.o
 .debug_macro   0x0000000000013d62      0x176 ./Core/Src/main.o
 .debug_macro   0x0000000000013ed8       0xf9 ./Core/Src/main.o
 .debug_macro   0x0000000000013fd1      0x132 ./Core/Src/main.o
 .debug_macro   0x0000000000014103      0x264 ./Core/Src/main.o
 .debug_macro   0x0000000000014367       0x2e ./Core/Src/main.o
 .debug_macro   0x0000000000014395      0x1b5 ./Core/Src/main.o
 .debug_macro   0x000000000001454a       0x22 ./Core/Src/main.o
 .debug_macro   0x000000000001456c       0xd6 ./Core/Src/main.o
 .debug_macro   0x0000000000014642      0x11a ./Core/Src/main.o
 .debug_macro   0x000000000001475c       0x85 ./Core/Src/main.o
 .debug_macro   0x00000000000147e1       0x89 ./Core/Src/main.o
 .debug_macro   0x000000000001486a      0x8d1 ./Core/Src/main.o
 .debug_macro   0x000000000001513b       0x47 ./Core/Src/main.o
 .debug_macro   0x0000000000015182      0x295 ./Core/Src/main.o
 .debug_macro   0x0000000000015417      0x126 ./Core/Src/main.o
 .debug_macro   0x000000000001553d       0x58 ./Core/Src/main.o
 .debug_macro   0x0000000000015595       0x52 ./Core/Src/main.o
 .debug_macro   0x00000000000155e7       0x18 ./Core/Src/main.o
 .debug_macro   0x00000000000155ff       0x3c ./Core/Src/main.o
 .debug_macro   0x000000000001563b       0x34 ./Core/Src/main.o
 .debug_macro   0x000000000001566f       0x16 ./Core/Src/main.o
 .debug_macro   0x0000000000015685       0x43 ./Core/Src/main.o
 .debug_macro   0x00000000000156c8       0x34 ./Core/Src/main.o
 .debug_macro   0x00000000000156fc       0x10 ./Core/Src/main.o
 .debug_macro   0x000000000001570c       0x58 ./Core/Src/main.o
 .debug_macro   0x0000000000015764       0x71 ./Core/Src/main.o
 .debug_macro   0x00000000000157d5       0x1c ./Core/Src/main.o
 .debug_macro   0x00000000000157f1      0x12a ./Core/Src/main.o
 .debug_macro   0x000000000001591b      0x333 ./Core/Src/main.o
 .debug_macro   0x0000000000015c4e       0x10 ./Core/Src/main.o
 .debug_macro   0x0000000000015c5e       0x35 ./Core/Src/main.o
 .debug_macro   0x0000000000015c93       0x20 ./Core/Src/main.o
 .debug_macro   0x0000000000015cb3       0x16 ./Core/Src/main.o
 .debug_macro   0x0000000000015cc9       0x16 ./Core/Src/main.o
 .debug_macro   0x0000000000015cdf       0x29 ./Core/Src/main.o
 .debug_macro   0x0000000000015d08      0x21e ./Core/Src/stm32f4xx_hal_msp.o
 .debug_macro   0x0000000000015f26      0x228 ./Core/Src/stm32f4xx_it.o
 .debug_macro   0x000000000001614e      0x20f ./Core/Src/system_stm32f4xx.o
 .debug_macro   0x000000000001635d      0x26f ./Drivers/STM32F4xx_HAL_Driver/Src/stm32f4xx_hal.o
 .debug_macro   0x00000000000165cc      0x210 ./Drivers/STM32F4xx_HAL_Driver/Src/stm32f4xx_hal_adc.o
 .debug_macro   0x00000000000167dc      0x20f ./Drivers/STM32F4xx_HAL_Driver/Src/stm32f4xx_hal_adc_ex.o
 .debug_macro   0x00000000000169eb      0x20f ./Drivers/STM32F4xx_HAL_Driver/Src/stm32f4xx_hal_cortex.o
 .debug_macro   0x0000000000016bfa      0x215 ./Drivers/STM32F4xx_HAL_Driver/Src/stm32f4xx_hal_dma.o
 .debug_macro   0x0000000000016e0f      0x215 ./Drivers/STM32F4xx_HAL_Driver/Src/stm32f4xx_hal_gpio.o
 .debug_macro   0x0000000000017024      0x256 ./Drivers/STM32F4xx_HAL_Driver/Src/stm32f4xx_hal_i2c.o
 .debug_macro   0x000000000001727a      0x233 ./Drivers/STM32F4xx_HAL_Driver/Src/stm32f4xx_hal_rcc.o
 .debug_macro   0x00000000000174ad      0x210 ./Drivers/STM32F4xx_HAL_Driver/Src/stm32f4xx_hal_tim.o
 .debug_macro   0x00000000000176bd      0x20f ./Drivers/STM32F4xx_HAL_Driver/Src/stm32f4xx_hal_tim_ex.o
 .debug_macro   0x00000000000178cc      0x210 ./Drivers/STM32F4xx_HAL_Driver/Src/stm32f4xx_hal_uart.o

.debug_line     0x0000000000000000    0x141e9
 .debug_line    0x0000000000000000     0x1445 ./Core/Src/main.o
 .debug_line    0x0000000000001445      0x930 ./Core/Src/stm32f4xx_hal_msp.o
 .debug_line    0x0000000000001d75      0x8a9 ./Core/Src/stm32f4xx_it.o
 .debug_line    0x000000000000261e      0x7c0 ./Core/Src/system_stm32f4xx.o
 .debug_line    0x0000000000002dde       0x88 ./Core/Startup/startup_stm32f401retx.o
 .debug_line    0x0000000000002e66      0xa26 ./Drivers/STM32F4xx_HAL_Driver/Src/stm32f4xx_hal.o
 .debug_line    0x000000000000388c     0x11e4 ./Drivers/STM32F4xx_HAL_Driver/Src/stm32f4xx_hal_adc.o
 .debug_line    0x0000000000004a70      0xee6 ./Drivers/STM32F4xx_HAL_Driver/Src/stm32f4xx_hal_adc_ex.o
 .debug_line    0x0000000000005956      0xcd5 ./Drivers/STM32F4xx_HAL_Driver/Src/stm32f4xx_hal_cortex.o
 .debug_line    0x000000000000662b      0xf8b ./Drivers/STM32F4xx_HAL_Driver/Src/stm32f4xx_hal_dma.o
 .debug_line    0x00000000000075b6      0xb60 ./Drivers/STM32F4xx_HAL_Driver/Src/stm32f4xx_hal_gpio.o
 .debug_line    0x0000000000008116     0x39d2 ./Drivers/STM32F4xx_HAL_Driver/Src/stm32f4xx_hal_i2c.o
 .debug_line    0x000000000000bae8      0xda2 ./Drivers/STM32F4xx_HAL_Driver/Src/stm32f4xx_hal_rcc.o
 .debug_line    0x000000000000c88a     0x34f4 ./Drivers/STM32F4xx_HAL_Driver/Src/stm32f4xx_hal_tim.o
 .debug_line    0x000000000000fd7e     0x19be ./Drivers/STM32F4xx_HAL_Driver/Src/stm32f4xx_hal_tim_ex.o
 .debug_line    0x000000000001173c     0x2aad ./Drivers/STM32F4xx_HAL_Driver/Src/stm32f4xx_hal_uart.o

.debug_str      0x0000000000000000    0x9b110
 .debug_str     0x0000000000000000    0x975d7 ./Core/Src/main.o
                                      0x97abc (size before relaxing)
 .debug_str     0x00000000000975d7       0xe3 ./Core/Src/stm32f4xx_hal_msp.o
                                      0x94182 (size before relaxing)
 .debug_str     0x00000000000976ba      0x12f ./Core/Src/stm32f4xx_it.o
                                      0x93cbe (size before relaxing)
 .debug_str     0x00000000000977e9       0xaf ./Core/Src/system_stm32f4xx.o
                                      0x930dd (size before relaxing)
 .debug_str     0x0000000000097898       0x36 ./Core/Startup/startup_stm32f401retx.o
                                         0x69 (size before relaxing)
 .debug_str     0x00000000000978ce      0x58d ./Drivers/STM32F4xx_HAL_Driver/Src/stm32f4xx_hal.o
                                      0x93a5d (size before relaxing)
 .debug_str     0x0000000000097e5b      0x284 ./Drivers/STM32F4xx_HAL_Driver/Src/stm32f4xx_hal_adc.o
                                      0x93677 (size before relaxing)
 .debug_str     0x00000000000980df      0x302 ./Drivers/STM32F4xx_HAL_Driver/Src/stm32f4xx_hal_adc_ex.o
                                      0x936b1 (size before relaxing)
 .debug_str     0x00000000000983e1      0x392 ./Drivers/STM32F4xx_HAL_Driver/Src/stm32f4xx_hal_cortex.o
                                      0x9383a (size before relaxing)
 .debug_str     0x0000000000098773      0x31d ./Drivers/STM32F4xx_HAL_Driver/Src/stm32f4xx_hal_dma.o
                                      0x934f5 (size before relaxing)
 .debug_str     0x0000000000098a90      0x15f ./Drivers/STM32F4xx_HAL_Driver/Src/stm32f4xx_hal_gpio.o
                                      0x93284 (size before relaxing)
 .debug_str     0x0000000000098bef      0xaae ./Drivers/STM32F4xx_HAL_Driver/Src/stm32f4xx_hal_i2c.o
                                      0x94052 (size before relaxing)
 .debug_str     0x000000000009969d      0x24e ./Drivers/STM32F4xx_HAL_Driver/Src/stm32f4xx_hal_rcc.o
                                      0x934df (size before relaxing)
 .debug_str     0x00000000000998eb      0xd5a ./Drivers/STM32F4xx_HAL_Driver/Src/stm32f4xx_hal_tim.o
                                      0x943fa (size before relaxing)
 .debug_str     0x000000000009a645      0x4ee ./Drivers/STM32F4xx_HAL_Driver/Src/stm32f4xx_hal_tim_ex.o
                                      0x93bab (size before relaxing)
 .debug_str     0x000000000009ab33      0x5dd ./Drivers/STM32F4xx_HAL_Driver/Src/stm32f4xx_hal_uart.o
                                      0x93a53 (size before relaxing)

.comment        0x0000000000000000       0x53
 .comment       0x0000000000000000       0x53 ./Core/Src/main.o
                                         0x54 (size before relaxing)
 .comment       0x0000000000000053       0x54 ./Core/Src/stm32f4xx_hal_msp.o
 .comment       0x0000000000000053       0x54 ./Core/Src/stm32f4xx_it.o
 .comment       0x0000000000000053       0x54 ./Core/Src/system_stm32f4xx.o
 .comment       0x0000000000000053       0x54 ./Drivers/STM32F4xx_HAL_Driver/Src/stm32f4xx_hal.o
 .comment       0x0000000000000053       0x54 ./Drivers/STM32F4xx_HAL_Driver/Src/stm32f4xx_hal_adc.o
 .comment       0x0000000000000053       0x54 ./Drivers/STM32F4xx_HAL_Driver/Src/stm32f4xx_hal_adc_ex.o
 .comment       0x0000000000000053       0x54 ./Drivers/STM32F4xx_HAL_Driver/Src/stm32f4xx_hal_cortex.o
 .comment       0x0000000000000053       0x54 ./Drivers/STM32F4xx_HAL_Driver/Src/stm32f4xx_hal_dma.o
 .comment       0x0000000000000053       0x54 ./Drivers/STM32F4xx_HAL_Driver/Src/stm32f4xx_hal_gpio.o
 .comment       0x0000000000000053       0x54 ./Drivers/STM32F4xx_HAL_Driver/Src/stm32f4xx_hal_i2c.o
 .comment       0x0000000000000053       0x54 ./Drivers/STM32F4xx_HAL_Driver/Src/stm32f4xx_hal_rcc.o
 .comment       0x0000000000000053       0x54 ./Drivers/STM32F4xx_HAL_Driver/Src/stm32f4xx_hal_tim.o
 .comment       0x0000000000000053       0x54 ./Drivers/STM32F4xx_HAL_Driver/Src/stm32f4xx_hal_tim_ex.o
 .comment       0x0000000000000053       0x54 ./Drivers/STM32F4xx_HAL_Driver/Src/stm32f4xx_hal_uart.o

.debug_frame    0x0000000000000000     0x487c
 .debug_frame   0x0000000000000000      0x2b0 ./Core/Src/main.o
 .debug_frame   0x00000000000002b0      0x178 ./Core/Src/stm32f4xx_hal_msp.o
 .debug_frame   0x0000000000000428      0x1c8 ./Core/Src/stm32f4xx_it.o
 .debug_frame   0x00000000000005f0       0x58 ./Core/Src/system_stm32f4xx.o
 .debug_frame   0x0000000000000648      0x374 ./Drivers/STM32F4xx_HAL_Driver/Src/stm32f4xx_hal.o
 .debug_frame   0x00000000000009bc      0x3fc ./Drivers/STM32F4xx_HAL_Driver/Src/stm32f4xx_hal_adc.o
 .debug_frame   0x0000000000000db8      0x250 ./Drivers/STM32F4xx_HAL_Driver/Src/stm32f4xx_hal_adc_ex.o
 .debug_frame   0x0000000000001008      0x498 ./Drivers/STM32F4xx_HAL_Driver/Src/stm32f4xx_hal_cortex.o
 .debug_frame   0x00000000000014a0      0x250 ./Drivers/STM32F4xx_HAL_Driver/Src/stm32f4xx_hal_dma.o
 .debug_frame   0x00000000000016f0      0x14c ./Drivers/STM32F4xx_HAL_Driver/Src/stm32f4xx_hal_gpio.o
 .debug_frame   0x000000000000183c      0xc5c ./Drivers/STM32F4xx_HAL_Driver/Src/stm32f4xx_hal_i2c.o
 .debug_frame   0x0000000000002498      0x1f0 ./Drivers/STM32F4xx_HAL_Driver/Src/stm32f4xx_hal_rcc.o
 .debug_frame   0x0000000000002688     0x11bc ./Drivers/STM32F4xx_HAL_Driver/Src/stm32f4xx_hal_tim.o
 .debug_frame   0x0000000000003844      0x638 ./Drivers/STM32F4xx_HAL_Driver/Src/stm32f4xx_hal_tim_ex.o
 .debug_frame   0x0000000000003e7c      0x92c ./Drivers/STM32F4xx_HAL_Driver/Src/stm32f4xx_hal_uart.o
 .debug_frame   0x00000000000047a8       0x2c c:/st/stm32cubeide_1.7.0/stm32cubeide/plugins/com.st.stm32cube.ide.mcu.externaltools.gnu-tools-for-stm32.9-2020-q2-update.win32_2.0.0.202105311346/tools/bin/../lib/gcc/arm-none-eabi/9.3.1/../../../../arm-none-eabi/lib/thumb/v7e-m+fp/hard\libc_nano.a(lib_a-init.o)
 .debug_frame   0x00000000000047d4       0x28 c:/st/stm32cubeide_1.7.0/stm32cubeide/plugins/com.st.stm32cube.ide.mcu.externaltools.gnu-tools-for-stm32.9-2020-q2-update.win32_2.0.0.202105311346/tools/bin/../lib/gcc/arm-none-eabi/9.3.1/../../../../arm-none-eabi/lib/thumb/v7e-m+fp/hard\libc_nano.a(lib_a-memcpy-stub.o)
 .debug_frame   0x00000000000047fc       0x20 c:/st/stm32cubeide_1.7.0/stm32cubeide/plugins/com.st.stm32cube.ide.mcu.externaltools.gnu-tools-for-stm32.9-2020-q2-update.win32_2.0.0.202105311346/tools/bin/../lib/gcc/arm-none-eabi/9.3.1/../../../../arm-none-eabi/lib/thumb/v7e-m+fp/hard\libc_nano.a(lib_a-memset.o)
 .debug_frame   0x000000000000481c       0x2c c:/st/stm32cubeide_1.7.0/stm32cubeide/plugins/com.st.stm32cube.ide.mcu.externaltools.gnu-tools-for-stm32.9-2020-q2-update.win32_2.0.0.202105311346/tools/bin/../lib/gcc/arm-none-eabi/9.3.1/thumb/v7e-m+fp/hard\libgcc.a(_aeabi_uldivmod.o)
 .debug_frame   0x0000000000004848       0x34 c:/st/stm32cubeide_1.7.0/stm32cubeide/plugins/com.st.stm32cube.ide.mcu.externaltools.gnu-tools-for-stm32.9-2020-q2-update.win32_2.0.0.202105311346/tools/bin/../lib/gcc/arm-none-eabi/9.3.1/thumb/v7e-m+fp/hard\libgcc.a(_udivmoddi4.o)
