main.c:198:6:HAL_ADC_ConvCpltCallback	16	static
main.c:205:6:HAL_UART_RxCpltCallback	16	static
main.c:217:6:HAL_TIM_PeriodElapsedCallback	16	static
main.c:231:6:readADC	4	static
main.c:236:6:uartTX	16	static
main.c:253:7:initESP	24	static
main.c:298:6:DecodeAnsESP	8	static
main.c:653:6:udpCom	16	static
main.c:733:6:DecodeCommands	4	static
main.c:793:5:main	8	static
main.c:913:6:SystemClock_Config	88	static
main.c:958:13:MX_ADC1_Init	24	static
main.c:1056:13:MX_I2C1_Init	8	static
main.c:1090:13:MX_TIM3_Init	64	static
main.c:1161:13:MX_TIM4_Init	32	static
main.c:1206:13:MX_USART1_UART_Init	8	static
main.c:1239:13:MX_USART2_UART_Init	8	static
main.c:1270:13:MX_DMA_Init	16	static
main.c:1288:13:MX_GPIO_Init	48	static
main.c:1334:6:Error_Handler	4	static,ignoring_inline_asm
